2025-08-16T13:53:05.4089840Z Current runner version: '2.327.1'
2025-08-16T13:53:05.4113427Z ##[group]Operating System
2025-08-16T13:53:05.4114192Z Ubuntu
2025-08-16T13:53:05.4114695Z 24.04.2
2025-08-16T13:53:05.4115404Z LTS
2025-08-16T13:53:05.4115903Z ##[endgroup]
2025-08-16T13:53:05.4116433Z ##[group]Runner Image
2025-08-16T13:53:05.4117073Z Image: ubuntu-24.04
2025-08-16T13:53:05.4117574Z Version: 20250810.1.0
2025-08-16T13:53:05.4118700Z Included Software: https://github.com/actions/runner-images/blob/ubuntu24/20250810.1/images/ubuntu/Ubuntu2404-Readme.md
2025-08-16T13:53:05.4120124Z Image Release: https://github.com/actions/runner-images/releases/tag/ubuntu24%2F20250810.1
2025-08-16T13:53:05.4121050Z ##[endgroup]
2025-08-16T13:53:05.4121564Z ##[group]Runner Image Provisioner
2025-08-16T13:53:05.4122193Z 2.0.449.1
2025-08-16T13:53:05.4122687Z ##[endgroup]
2025-08-16T13:53:05.4123725Z ##[group]GITHUB_TOKEN Permissions
2025-08-16T13:53:05.4126046Z Contents: read
2025-08-16T13:53:05.4126566Z Metadata: read
2025-08-16T13:53:05.4127368Z Packages: read
2025-08-16T13:53:05.4127946Z ##[endgroup]
2025-08-16T13:53:05.4130386Z Secret source: Actions
2025-08-16T13:53:05.4131368Z Prepare workflow directory
2025-08-16T13:53:05.4504748Z Prepare all required actions
2025-08-16T13:53:05.4541735Z Getting action download info
2025-08-16T13:53:05.8338528Z Download action repository 'actions/checkout@v4' (SHA:08eba0b27e820071cde6df949e0beb9ba4906955)
2025-08-16T13:53:06.5705487Z Download action repository 'actions/setup-python@v4' (SHA:7f4fc3e22c37d6ff65e88745f38bd3157c663f7c)
2025-08-16T13:53:07.4950457Z Complete job name: send
2025-08-16T13:53:07.5602004Z ##[group]Run actions/checkout@v4
2025-08-16T13:53:07.5602685Z with:
2025-08-16T13:53:07.5603005Z   repository: Alvic-maker/Telegram_bot_update1
2025-08-16T13:53:07.5603542Z   token: ***
2025-08-16T13:53:07.5603815Z   ssh-strict: true
2025-08-16T13:53:07.5604087Z   ssh-user: git
2025-08-16T13:53:07.5604380Z   persist-credentials: true
2025-08-16T13:53:07.5604695Z   clean: true
2025-08-16T13:53:07.5604974Z   sparse-checkout-cone-mode: true
2025-08-16T13:53:07.5605565Z   fetch-depth: 1
2025-08-16T13:53:07.5605832Z   fetch-tags: false
2025-08-16T13:53:07.5606122Z   show-progress: true
2025-08-16T13:53:07.5606394Z   lfs: false
2025-08-16T13:53:07.5606644Z   submodules: false
2025-08-16T13:53:07.5606926Z   set-safe-directory: true
2025-08-16T13:53:07.5607478Z ##[endgroup]
2025-08-16T13:53:07.7683337Z Syncing repository: Alvic-maker/Telegram_bot_update1
2025-08-16T13:53:07.7685931Z ##[group]Getting Git version info
2025-08-16T13:53:07.7687053Z Working directory is '/home/runner/work/Telegram_bot_update1/Telegram_bot_update1'
2025-08-16T13:53:07.7688456Z [command]/usr/bin/git version
2025-08-16T13:53:07.7742919Z git version 2.50.1
2025-08-16T13:53:07.7770780Z ##[endgroup]
2025-08-16T13:53:07.7783916Z Temporarily overriding HOME='/home/runner/work/_temp/38ad8b02-0b1c-4486-92b8-9cdb8c950247' before making global git config changes
2025-08-16T13:53:07.7784886Z Adding repository directory to the temporary git global config as a safe directory
2025-08-16T13:53:07.7796537Z [command]/usr/bin/git config --global --add safe.directory /home/runner/work/Telegram_bot_update1/Telegram_bot_update1
2025-08-16T13:53:07.7830225Z Deleting the contents of '/home/runner/work/Telegram_bot_update1/Telegram_bot_update1'
2025-08-16T13:53:07.7833404Z ##[group]Initializing the repository
2025-08-16T13:53:07.7837932Z [command]/usr/bin/git init /home/runner/work/Telegram_bot_update1/Telegram_bot_update1
2025-08-16T13:53:07.7908803Z hint: Using 'master' as the name for the initial branch. This default branch name
2025-08-16T13:53:07.7909981Z hint: is subject to change. To configure the initial branch name to use in all
2025-08-16T13:53:07.7910709Z hint: of your new repositories, which will suppress this warning, call:
2025-08-16T13:53:07.7911184Z hint:
2025-08-16T13:53:07.7911784Z hint: 	git config --global init.defaultBranch <name>
2025-08-16T13:53:07.7912463Z hint:
2025-08-16T13:53:07.7912874Z hint: Names commonly chosen instead of 'master' are 'main', 'trunk' and
2025-08-16T13:53:07.7913730Z hint: 'development'. The just-created branch can be renamed via this command:
2025-08-16T13:53:07.7914219Z hint:
2025-08-16T13:53:07.7914515Z hint: 	git branch -m <name>
2025-08-16T13:53:07.7914835Z hint:
2025-08-16T13:53:07.7915525Z hint: Disable this message with "git config set advice.defaultBranchName false"
2025-08-16T13:53:07.7916304Z Initialized empty Git repository in /home/runner/work/Telegram_bot_update1/Telegram_bot_update1/.git/
2025-08-16T13:53:07.7922903Z [command]/usr/bin/git remote add origin https://github.com/Alvic-maker/Telegram_bot_update1
2025-08-16T13:53:07.7955568Z ##[endgroup]
2025-08-16T13:53:07.7956161Z ##[group]Disabling automatic garbage collection
2025-08-16T13:53:07.7959976Z [command]/usr/bin/git config --local gc.auto 0
2025-08-16T13:53:07.7988237Z ##[endgroup]
2025-08-16T13:53:07.7989217Z ##[group]Setting up auth
2025-08-16T13:53:07.7995869Z [command]/usr/bin/git config --local --name-only --get-regexp core\.sshCommand
2025-08-16T13:53:07.8026483Z [command]/usr/bin/git submodule foreach --recursive sh -c "git config --local --name-only --get-regexp 'core\.sshCommand' && git config --local --unset-all 'core.sshCommand' || :"
2025-08-16T13:53:07.8307618Z [command]/usr/bin/git config --local --name-only --get-regexp http\.https\:\/\/github\.com\/\.extraheader
2025-08-16T13:53:07.8337224Z [command]/usr/bin/git submodule foreach --recursive sh -c "git config --local --name-only --get-regexp 'http\.https\:\/\/github\.com\/\.extraheader' && git config --local --unset-all 'http.https://github.com/.extraheader' || :"
2025-08-16T13:53:07.8557546Z [command]/usr/bin/git config --local http.https://github.com/.extraheader AUTHORIZATION: basic ***
2025-08-16T13:53:07.8597589Z ##[endgroup]
2025-08-16T13:53:07.8598245Z ##[group]Fetching the repository
2025-08-16T13:53:07.8606410Z [command]/usr/bin/git -c protocol.version=2 fetch --no-tags --prune --no-recurse-submodules --depth=1 origin +d32e4bc16bcc0571a96da5c3d5bb8aead334c85f:refs/remotes/origin/main
2025-08-16T13:53:08.2543671Z From https://github.com/Alvic-maker/Telegram_bot_update1
2025-08-16T13:53:08.2544629Z  * [new ref]         d32e4bc16bcc0571a96da5c3d5bb8aead334c85f -> origin/main
2025-08-16T13:53:08.2578680Z ##[endgroup]
2025-08-16T13:53:08.2583744Z ##[group]Determining the checkout info
2025-08-16T13:53:08.2584664Z ##[endgroup]
2025-08-16T13:53:08.2588448Z [command]/usr/bin/git sparse-checkout disable
2025-08-16T13:53:08.2628773Z [command]/usr/bin/git config --local --unset-all extensions.worktreeConfig
2025-08-16T13:53:08.2657425Z ##[group]Checking out the ref
2025-08-16T13:53:08.2661873Z [command]/usr/bin/git checkout --progress --force -B main refs/remotes/origin/main
2025-08-16T13:53:08.2710834Z Switched to a new branch 'main'
2025-08-16T13:53:08.2713322Z branch 'main' set up to track 'origin/main'.
2025-08-16T13:53:08.2719107Z ##[endgroup]
2025-08-16T13:53:08.2754589Z [command]/usr/bin/git log -1 --format=%H
2025-08-16T13:53:08.2778271Z d32e4bc16bcc0571a96da5c3d5bb8aead334c85f
2025-08-16T13:53:08.2991744Z ##[group]Run actions/setup-python@v4
2025-08-16T13:53:08.2992029Z with:
2025-08-16T13:53:08.2992215Z   python-version: 3.11
2025-08-16T13:53:08.2992446Z   check-latest: false
2025-08-16T13:53:08.2992764Z   token: ***
2025-08-16T13:53:08.2992968Z   update-environment: true
2025-08-16T13:53:08.2993193Z   allow-prereleases: false
2025-08-16T13:53:08.2993405Z ##[endgroup]
2025-08-16T13:53:08.4672959Z ##[group]Installed versions
2025-08-16T13:53:08.4741494Z Successfully set up CPython (3.11.13)
2025-08-16T13:53:08.4742357Z ##[endgroup]
2025-08-16T13:53:08.4869125Z ##[group]Run python -m pip install --upgrade pip
2025-08-16T13:53:08.4869557Z [36;1mpython -m pip install --upgrade pip[0m
2025-08-16T13:53:08.4869868Z [36;1mpip install -r requirements.txt[0m
2025-08-16T13:53:08.4951757Z shell: /usr/bin/bash -e {0}
2025-08-16T13:53:08.4952010Z env:
2025-08-16T13:53:08.4952269Z   pythonLocation: /opt/hostedtoolcache/Python/3.11.13/x64
2025-08-16T13:53:08.4952701Z   PKG_CONFIG_PATH: /opt/hostedtoolcache/Python/3.11.13/x64/lib/pkgconfig
2025-08-16T13:53:08.4953360Z   Python_ROOT_DIR: /opt/hostedtoolcache/Python/3.11.13/x64
2025-08-16T13:53:08.4953726Z   Python2_ROOT_DIR: /opt/hostedtoolcache/Python/3.11.13/x64
2025-08-16T13:53:08.4954084Z   Python3_ROOT_DIR: /opt/hostedtoolcache/Python/3.11.13/x64
2025-08-16T13:53:08.4954445Z   LD_LIBRARY_PATH: /opt/hostedtoolcache/Python/3.11.13/x64/lib
2025-08-16T13:53:08.4954843Z ##[endgroup]
2025-08-16T13:53:11.0115304Z Requirement already satisfied: pip in /opt/hostedtoolcache/Python/3.11.13/x64/lib/python3.11/site-packages (25.2)
2025-08-16T13:53:11.6576263Z Collecting yfinance (from -r requirements.txt (line 1))
2025-08-16T13:53:11.7206476Z   Downloading yfinance-0.2.65-py2.py3-none-any.whl.metadata (5.8 kB)
2025-08-16T13:53:11.8535759Z Collecting pandas (from -r requirements.txt (line 2))
2025-08-16T13:53:11.8641903Z   Downloading pandas-2.3.1-cp311-cp311-manylinux_2_17_x86_64.manylinux2014_x86_64.whl.metadata (91 kB)
2025-08-16T13:53:12.0816733Z Collecting numpy (from -r requirements.txt (line 3))
2025-08-16T13:53:12.0924736Z   Downloading numpy-2.3.2-cp311-cp311-manylinux_2_27_x86_64.manylinux_2_28_x86_64.whl.metadata (62 kB)
2025-08-16T13:53:12.1388455Z Collecting requests (from -r requirements.txt (line 4))
2025-08-16T13:53:12.1490516Z   Downloading requests-2.32.4-py3-none-any.whl.metadata (4.9 kB)
2025-08-16T13:53:12.2313617Z Collecting vnstock3 (from -r requirements.txt (line 5))
2025-08-16T13:53:12.2417527Z   Downloading vnstock3-3.2.1-py3-none-any.whl.metadata (23 kB)
2025-08-16T13:53:12.2832818Z Collecting multitasking>=0.0.7 (from yfinance->-r requirements.txt (line 1))
2025-08-16T13:53:12.2933146Z   Downloading multitasking-0.0.12.tar.gz (19 kB)
2025-08-16T13:53:12.3020734Z   Installing build dependencies: started
2025-08-16T13:53:13.1731075Z   Installing build dependencies: finished with status 'done'
2025-08-16T13:53:13.1737610Z   Getting requirements to build wheel: started
2025-08-16T13:53:13.5714403Z   Getting requirements to build wheel: finished with status 'done'
2025-08-16T13:53:13.5721936Z   Preparing metadata (pyproject.toml): started
2025-08-16T13:53:13.7434816Z   Preparing metadata (pyproject.toml): finished with status 'done'
2025-08-16T13:53:13.7681344Z Collecting platformdirs>=2.0.0 (from yfinance->-r requirements.txt (line 1))
2025-08-16T13:53:13.7782654Z   Downloading platformdirs-4.3.8-py3-none-any.whl.metadata (12 kB)
2025-08-16T13:53:13.8213467Z Collecting pytz>=2022.5 (from yfinance->-r requirements.txt (line 1))
2025-08-16T13:53:13.8312564Z   Downloading pytz-2025.2-py2.py3-none-any.whl.metadata (22 kB)
2025-08-16T13:53:13.8788631Z Collecting frozendict>=2.3.4 (from yfinance->-r requirements.txt (line 1))
2025-08-16T13:53:13.8895485Z   Downloading frozendict-2.4.6-py311-none-any.whl.metadata (23 kB)
2025-08-16T13:53:13.9198969Z Collecting peewee>=3.16.2 (from yfinance->-r requirements.txt (line 1))
2025-08-16T13:53:13.9298875Z   Downloading peewee-3.18.2.tar.gz (949 kB)
2025-08-16T13:53:14.0173987Z      â”â”â”â”â”â”â”â”â”â”â”â”â”â”â”â”â”â”â”â”â”â”â”â”â”â”â”â”â”â”â”â”â”â”â”â”â”â”â”â” 949.2/949.2 kB 11.9 MB/s  0:00:00
2025-08-16T13:53:14.0783804Z   Installing build dependencies: started
2025-08-16T13:53:14.8710152Z   Installing build dependencies: finished with status 'done'
2025-08-16T13:53:14.8716287Z   Getting requirements to build wheel: started
2025-08-16T13:53:15.3384667Z   Getting requirements to build wheel: finished with status 'done'
2025-08-16T13:53:15.3392099Z   Preparing metadata (pyproject.toml): started
2025-08-16T13:53:15.5408846Z   Preparing metadata (pyproject.toml): finished with status 'done'
2025-08-16T13:53:15.5635752Z Collecting beautifulsoup4>=4.11.1 (from yfinance->-r requirements.txt (line 1))
2025-08-16T13:53:15.5737608Z   Downloading beautifulsoup4-4.13.4-py3-none-any.whl.metadata (3.8 kB)
2025-08-16T13:53:15.6258739Z Collecting curl_cffi>=0.7 (from yfinance->-r requirements.txt (line 1))
2025-08-16T13:53:15.6373478Z   Downloading curl_cffi-0.13.0-cp39-abi3-manylinux_2_17_x86_64.manylinux2014_x86_64.whl.metadata (13 kB)
2025-08-16T13:53:15.8197236Z Collecting protobuf>=3.19.0 (from yfinance->-r requirements.txt (line 1))
2025-08-16T13:53:15.8303860Z   Downloading protobuf-6.32.0-cp39-abi3-manylinux2014_x86_64.whl.metadata (593 bytes)
2025-08-16T13:53:15.9247712Z Collecting websockets>=13.0 (from yfinance->-r requirements.txt (line 1))
2025-08-16T13:53:15.9353149Z   Downloading websockets-15.0.1-cp311-cp311-manylinux_2_5_x86_64.manylinux1_x86_64.manylinux_2_17_x86_64.manylinux2014_x86_64.whl.metadata (6.8 kB)
2025-08-16T13:53:15.9651215Z Collecting python-dateutil>=2.8.2 (from pandas->-r requirements.txt (line 2))
2025-08-16T13:53:15.9751947Z   Downloading python_dateutil-2.9.0.post0-py2.py3-none-any.whl.metadata (8.4 kB)
2025-08-16T13:53:16.0047750Z Collecting tzdata>=2022.7 (from pandas->-r requirements.txt (line 2))
2025-08-16T13:53:16.0145764Z   Downloading tzdata-2025.2-py2.py3-none-any.whl.metadata (1.4 kB)
2025-08-16T13:53:16.1000494Z Collecting charset_normalizer<4,>=2 (from requests->-r requirements.txt (line 4))
2025-08-16T13:53:16.1102309Z   Downloading charset_normalizer-3.4.3-cp311-cp311-manylinux2014_x86_64.manylinux_2_17_x86_64.manylinux_2_28_x86_64.whl.metadata (36 kB)
2025-08-16T13:53:16.1347111Z Collecting idna<4,>=2.5 (from requests->-r requirements.txt (line 4))
2025-08-16T13:53:16.1444928Z   Downloading idna-3.10-py3-none-any.whl.metadata (10 kB)
2025-08-16T13:53:16.1792093Z Collecting urllib3<3,>=1.21.1 (from requests->-r requirements.txt (line 4))
2025-08-16T13:53:16.1895505Z   Downloading urllib3-2.5.0-py3-none-any.whl.metadata (6.5 kB)
2025-08-16T13:53:16.2188884Z Collecting certifi>=2017.4.17 (from requests->-r requirements.txt (line 4))
2025-08-16T13:53:16.2288177Z   Downloading certifi-2025.8.3-py3-none-any.whl.metadata (2.4 kB)
2025-08-16T13:53:16.3044394Z Collecting vnai>=2.0 (from vnstock3->-r requirements.txt (line 5))
2025-08-16T13:53:16.3764927Z   Downloading vnai-2.1.9-py3-none-any.whl.metadata (662 bytes)
2025-08-16T13:53:16.4038948Z Collecting openpyxl (from vnstock3->-r requirements.txt (line 5))
2025-08-16T13:53:16.4144353Z   Downloading openpyxl-3.1.5-py2.py3-none-any.whl.metadata (2.5 kB)
2025-08-16T13:53:16.5271687Z Collecting pydantic (from vnstock3->-r requirements.txt (line 5))
2025-08-16T13:53:16.5370997Z   Downloading pydantic-2.11.7-py3-none-any.whl.metadata (67 kB)
2025-08-16T13:53:16.6363076Z Collecting psutil (from vnstock3->-r requirements.txt (line 5))
2025-08-16T13:53:16.6472964Z   Downloading psutil-7.0.0-cp36-abi3-manylinux_2_12_x86_64.manylinux2010_x86_64.manylinux_2_17_x86_64.manylinux2014_x86_64.whl.metadata (22 kB)
2025-08-16T13:53:16.6713981Z Collecting fake_useragent (from vnstock3->-r requirements.txt (line 5))
2025-08-16T13:53:16.6818731Z   Downloading fake_useragent-2.2.0-py3-none-any.whl.metadata (17 kB)
2025-08-16T13:53:16.7581274Z Collecting vnstock_ezchart (from vnstock3->-r requirements.txt (line 5))
2025-08-16T13:53:16.7686370Z   Downloading vnstock_ezchart-0.0.2-py3-none-any.whl.metadata (6.6 kB)
2025-08-16T13:53:16.7931125Z Collecting click (from vnstock3->-r requirements.txt (line 5))
2025-08-16T13:53:16.8029807Z   Downloading click-8.2.1-py3-none-any.whl.metadata (2.5 kB)
2025-08-16T13:53:16.8232768Z Collecting seaborn (from vnstock3->-r requirements.txt (line 5))
2025-08-16T13:53:16.8329585Z   Downloading seaborn-0.13.2-py3-none-any.whl.metadata (5.4 kB)
2025-08-16T13:53:16.8585650Z Collecting soupsieve>1.2 (from beautifulsoup4>=4.11.1->yfinance->-r requirements.txt (line 1))
2025-08-16T13:53:16.8689267Z   Downloading soupsieve-2.7-py3-none-any.whl.metadata (4.6 kB)
2025-08-16T13:53:16.8941904Z Collecting typing-extensions>=4.0.0 (from beautifulsoup4>=4.11.1->yfinance->-r requirements.txt (line 1))
2025-08-16T13:53:16.9046566Z   Downloading typing_extensions-4.14.1-py3-none-any.whl.metadata (3.0 kB)
2025-08-16T13:53:17.0063133Z Collecting cffi>=1.12.0 (from curl_cffi>=0.7->yfinance->-r requirements.txt (line 1))
2025-08-16T13:53:17.0163664Z   Downloading cffi-1.17.1-cp311-cp311-manylinux_2_17_x86_64.manylinux2014_x86_64.whl.metadata (1.5 kB)
2025-08-16T13:53:17.0405766Z Collecting pycparser (from cffi>=1.12.0->curl_cffi>=0.7->yfinance->-r requirements.txt (line 1))
2025-08-16T13:53:17.0509381Z   Downloading pycparser-2.22-py3-none-any.whl.metadata (943 bytes)
2025-08-16T13:53:17.0738594Z Collecting six>=1.5 (from python-dateutil>=2.8.2->pandas->-r requirements.txt (line 2))
2025-08-16T13:53:17.0835678Z   Downloading six-1.17.0-py2.py3-none-any.whl.metadata (1.7 kB)
2025-08-16T13:53:17.1203209Z Collecting et-xmlfile (from openpyxl->vnstock3->-r requirements.txt (line 5))
2025-08-16T13:53:17.1302247Z   Downloading et_xmlfile-2.0.0-py3-none-any.whl.metadata (2.7 kB)
2025-08-16T13:53:17.1516381Z Collecting annotated-types>=0.6.0 (from pydantic->vnstock3->-r requirements.txt (line 5))
2025-08-16T13:53:17.1616803Z   Downloading annotated_types-0.7.0-py3-none-any.whl.metadata (15 kB)
2025-08-16T13:53:17.7834801Z Collecting pydantic-core==2.33.2 (from pydantic->vnstock3->-r requirements.txt (line 5))
2025-08-16T13:53:17.7940035Z   Downloading pydantic_core-2.33.2-cp311-cp311-manylinux_2_17_x86_64.manylinux2014_x86_64.whl.metadata (6.8 kB)
2025-08-16T13:53:17.8149860Z Collecting typing-inspection>=0.4.0 (from pydantic->vnstock3->-r requirements.txt (line 5))
2025-08-16T13:53:17.8250248Z   Downloading typing_inspection-0.4.1-py3-none-any.whl.metadata (2.6 kB)
2025-08-16T13:53:18.0263605Z Collecting matplotlib!=3.6.1,>=3.4 (from seaborn->vnstock3->-r requirements.txt (line 5))
2025-08-16T13:53:18.0367387Z   Downloading matplotlib-3.10.5-cp311-cp311-manylinux2014_x86_64.manylinux_2_17_x86_64.whl.metadata (11 kB)
2025-08-16T13:53:18.1110651Z Collecting contourpy>=1.0.1 (from matplotlib!=3.6.1,>=3.4->seaborn->vnstock3->-r requirements.txt (line 5))
2025-08-16T13:53:18.1220557Z   Downloading contourpy-1.3.3-cp311-cp311-manylinux_2_27_x86_64.manylinux_2_28_x86_64.whl.metadata (5.5 kB)
2025-08-16T13:53:18.1434701Z Collecting cycler>=0.10 (from matplotlib!=3.6.1,>=3.4->seaborn->vnstock3->-r requirements.txt (line 5))
2025-08-16T13:53:18.1533423Z   Downloading cycler-0.12.1-py3-none-any.whl.metadata (3.8 kB)
2025-08-16T13:53:18.2938441Z Collecting fonttools>=4.22.0 (from matplotlib!=3.6.1,>=3.4->seaborn->vnstock3->-r requirements.txt (line 5))
2025-08-16T13:53:18.3041471Z   Downloading fonttools-4.59.1-cp311-cp311-manylinux2014_x86_64.manylinux_2_17_x86_64.whl.metadata (108 kB)
2025-08-16T13:53:18.3842627Z Collecting kiwisolver>=1.3.1 (from matplotlib!=3.6.1,>=3.4->seaborn->vnstock3->-r requirements.txt (line 5))
2025-08-16T13:53:18.3946714Z   Downloading kiwisolver-1.4.9-cp311-cp311-manylinux2014_x86_64.manylinux_2_17_x86_64.whl.metadata (6.3 kB)
2025-08-16T13:53:18.4297921Z Collecting packaging>=20.0 (from matplotlib!=3.6.1,>=3.4->seaborn->vnstock3->-r requirements.txt (line 5))
2025-08-16T13:53:18.4403665Z   Downloading packaging-25.0-py3-none-any.whl.metadata (3.3 kB)
2025-08-16T13:53:18.6565626Z Collecting pillow>=8 (from matplotlib!=3.6.1,>=3.4->seaborn->vnstock3->-r requirements.txt (line 5))
2025-08-16T13:53:18.6666203Z   Downloading pillow-11.3.0-cp311-cp311-manylinux_2_27_x86_64.manylinux_2_28_x86_64.whl.metadata (9.0 kB)
2025-08-16T13:53:18.7024115Z Collecting pyparsing>=2.3.1 (from matplotlib!=3.6.1,>=3.4->seaborn->vnstock3->-r requirements.txt (line 5))
2025-08-16T13:53:18.7124468Z   Downloading pyparsing-3.2.3-py3-none-any.whl.metadata (5.0 kB)
2025-08-16T13:53:18.7525793Z Collecting squarify (from vnstock_ezchart->vnstock3->-r requirements.txt (line 5))
2025-08-16T13:53:18.7629707Z   Downloading squarify-0.4.4-py3-none-any.whl.metadata (600 bytes)
2025-08-16T13:53:18.7970945Z Collecting wordcloud (from vnstock_ezchart->vnstock3->-r requirements.txt (line 5))
2025-08-16T13:53:18.8075536Z   Downloading wordcloud-1.9.4-cp311-cp311-manylinux_2_17_x86_64.manylinux2014_x86_64.whl.metadata (3.4 kB)
2025-08-16T13:53:18.8905675Z Collecting vnstock (from vnstock_ezchart->vnstock3->-r requirements.txt (line 5))
2025-08-16T13:53:18.9010582Z   Downloading vnstock-3.2.6-py3-none-any.whl.metadata (42 kB)
2025-08-16T13:53:18.9462239Z Collecting importlib-metadata>=1.0 (from vnstock->vnstock_ezchart->vnstock3->-r requirements.txt (line 5))
2025-08-16T13:53:18.9560199Z   Downloading importlib_metadata-8.7.0-py3-none-any.whl.metadata (4.8 kB)
2025-08-16T13:53:18.9872992Z Collecting tenacity (from vnstock->vnstock_ezchart->vnstock3->-r requirements.txt (line 5))
2025-08-16T13:53:18.9971134Z   Downloading tenacity-9.1.2-py3-none-any.whl.metadata (1.2 kB)
2025-08-16T13:53:19.0251300Z Collecting zipp>=3.20 (from importlib-metadata>=1.0->vnstock->vnstock_ezchart->vnstock3->-r requirements.txt (line 5))
2025-08-16T13:53:19.0350461Z   Downloading zipp-3.23.0-py3-none-any.whl.metadata (3.6 kB)
2025-08-16T13:53:19.0679239Z Downloading yfinance-0.2.65-py2.py3-none-any.whl (119 kB)
2025-08-16T13:53:19.0886045Z Downloading pandas-2.3.1-cp311-cp311-manylinux_2_17_x86_64.manylinux2014_x86_64.whl (12.4 MB)
2025-08-16T13:53:19.4267262Z    â”â”â”â”â”â”â”â”â”â”â”â”â”â”â”â”â”â”â”â”â”â”â”â”â”â”â”â”â”â”â”â”â”â”â”â”â”â”â”â” 12.4/12.4 MB 37.9 MB/s  0:00:00
2025-08-16T13:53:19.4374173Z Downloading numpy-2.3.2-cp311-cp311-manylinux_2_27_x86_64.manylinux_2_28_x86_64.whl (16.9 MB)
2025-08-16T13:53:19.6068598Z    â”â”â”â”â”â”â”â”â”â”â”â”â”â”â”â”â”â”â”â”â”â”â”â”â”â”â”â”â”â”â”â”â”â”â”â”â”â”â”â” 16.9/16.9 MB 101.0 MB/s  0:00:00
2025-08-16T13:53:19.6171203Z Downloading requests-2.32.4-py3-none-any.whl (64 kB)
2025-08-16T13:53:19.6312408Z Downloading charset_normalizer-3.4.3-cp311-cp311-manylinux2014_x86_64.manylinux_2_17_x86_64.manylinux_2_28_x86_64.whl (150 kB)
2025-08-16T13:53:19.6458668Z Downloading idna-3.10-py3-none-any.whl (70 kB)
2025-08-16T13:53:19.6580502Z Downloading urllib3-2.5.0-py3-none-any.whl (129 kB)
2025-08-16T13:53:19.6717314Z Downloading vnstock3-3.2.1-py3-none-any.whl (121 kB)
2025-08-16T13:53:19.6859314Z Downloading beautifulsoup4-4.13.4-py3-none-any.whl (187 kB)
2025-08-16T13:53:19.7000614Z Downloading certifi-2025.8.3-py3-none-any.whl (161 kB)
2025-08-16T13:53:19.7152074Z Downloading curl_cffi-0.13.0-cp39-abi3-manylinux_2_17_x86_64.manylinux2014_x86_64.whl (8.3 MB)
2025-08-16T13:53:19.7763880Z    â”â”â”â”â”â”â”â”â”â”â”â”â”â”â”â”â”â”â”â”â”â”â”â”â”â”â”â”â”â”â”â”â”â”â”â”â”â”â”â” 8.3/8.3 MB 137.1 MB/s  0:00:00
2025-08-16T13:53:19.7864946Z Downloading cffi-1.17.1-cp311-cp311-manylinux_2_17_x86_64.manylinux2014_x86_64.whl (467 kB)
2025-08-16T13:53:19.8011932Z Downloading frozendict-2.4.6-py311-none-any.whl (16 kB)
2025-08-16T13:53:19.8134996Z Downloading platformdirs-4.3.8-py3-none-any.whl (18 kB)
2025-08-16T13:53:19.8255259Z Downloading protobuf-6.32.0-cp39-abi3-manylinux2014_x86_64.whl (322 kB)
2025-08-16T13:53:19.8393836Z Downloading python_dateutil-2.9.0.post0-py2.py3-none-any.whl (229 kB)
2025-08-16T13:53:19.8532499Z Downloading pytz-2025.2-py2.py3-none-any.whl (509 kB)
2025-08-16T13:53:19.8676764Z Downloading six-1.17.0-py2.py3-none-any.whl (11 kB)
2025-08-16T13:53:19.8808968Z Downloading soupsieve-2.7-py3-none-any.whl (36 kB)
2025-08-16T13:53:19.8933430Z Downloading typing_extensions-4.14.1-py3-none-any.whl (43 kB)
2025-08-16T13:53:19.9067005Z Downloading tzdata-2025.2-py2.py3-none-any.whl (347 kB)
2025-08-16T13:53:19.9210073Z Downloading vnai-2.1.9-py3-none-any.whl (25 kB)
2025-08-16T13:53:19.9331657Z Downloading psutil-7.0.0-cp36-abi3-manylinux_2_12_x86_64.manylinux2010_x86_64.manylinux_2_17_x86_64.manylinux2014_x86_64.whl (277 kB)
2025-08-16T13:53:19.9470581Z Downloading websockets-15.0.1-cp311-cp311-manylinux_2_5_x86_64.manylinux1_x86_64.manylinux_2_17_x86_64.manylinux2014_x86_64.whl (182 kB)
2025-08-16T13:53:19.9605942Z Downloading click-8.2.1-py3-none-any.whl (102 kB)
2025-08-16T13:53:19.9769656Z Downloading fake_useragent-2.2.0-py3-none-any.whl (161 kB)
2025-08-16T13:53:19.9907739Z Downloading openpyxl-3.1.5-py2.py3-none-any.whl (250 kB)
2025-08-16T13:53:20.0052402Z Downloading et_xmlfile-2.0.0-py3-none-any.whl (18 kB)
2025-08-16T13:53:20.0182428Z Downloading pycparser-2.22-py3-none-any.whl (117 kB)
2025-08-16T13:53:20.0311582Z Downloading pydantic-2.11.7-py3-none-any.whl (444 kB)
2025-08-16T13:53:20.0464539Z Downloading pydantic_core-2.33.2-cp311-cp311-manylinux_2_17_x86_64.manylinux2014_x86_64.whl (2.0 MB)
2025-08-16T13:53:20.0631557Z    â”â”â”â”â”â”â”â”â”â”â”â”â”â”â”â”â”â”â”â”â”â”â”â”â”â”â”â”â”â”â”â”â”â”â”â”â”â”â”â” 2.0/2.0 MB 123.9 MB/s  0:00:00
2025-08-16T13:53:20.0731656Z Downloading annotated_types-0.7.0-py3-none-any.whl (13 kB)
2025-08-16T13:53:20.0865306Z Downloading typing_inspection-0.4.1-py3-none-any.whl (14 kB)
2025-08-16T13:53:20.1002955Z Downloading seaborn-0.13.2-py3-none-any.whl (294 kB)
2025-08-16T13:53:20.1209933Z Downloading matplotlib-3.10.5-cp311-cp311-manylinux2014_x86_64.manylinux_2_17_x86_64.whl (8.7 MB)
2025-08-16T13:53:20.1759815Z    â”â”â”â”â”â”â”â”â”â”â”â”â”â”â”â”â”â”â”â”â”â”â”â”â”â”â”â”â”â”â”â”â”â”â”â”â”â”â”â” 8.7/8.7 MB 160.3 MB/s  0:00:00
2025-08-16T13:53:20.1863402Z Downloading contourpy-1.3.3-cp311-cp311-manylinux_2_27_x86_64.manylinux_2_28_x86_64.whl (355 kB)
2025-08-16T13:53:20.2013519Z Downloading cycler-0.12.1-py3-none-any.whl (8.3 kB)
2025-08-16T13:53:20.2154670Z Downloading fonttools-4.59.1-cp311-cp311-manylinux2014_x86_64.manylinux_2_17_x86_64.whl (5.0 MB)
2025-08-16T13:53:20.2441078Z    â”â”â”â”â”â”â”â”â”â”â”â”â”â”â”â”â”â”â”â”â”â”â”â”â”â”â”â”â”â”â”â”â”â”â”â”â”â”â”â” 5.0/5.0 MB 181.5 MB/s  0:00:00
2025-08-16T13:53:20.2569387Z Downloading kiwisolver-1.4.9-cp311-cp311-manylinux2014_x86_64.manylinux_2_17_x86_64.whl (1.4 MB)
2025-08-16T13:53:20.2673821Z    â”â”â”â”â”â”â”â”â”â”â”â”â”â”â”â”â”â”â”â”â”â”â”â”â”â”â”â”â”â”â”â”â”â”â”â”â”â”â”â” 1.4/1.4 MB 149.9 MB/s  0:00:00
2025-08-16T13:53:20.2773202Z Downloading packaging-25.0-py3-none-any.whl (66 kB)
2025-08-16T13:53:20.2898904Z Downloading pillow-11.3.0-cp311-cp311-manylinux_2_27_x86_64.manylinux_2_28_x86_64.whl (6.6 MB)
2025-08-16T13:53:20.3340091Z    â”â”â”â”â”â”â”â”â”â”â”â”â”â”â”â”â”â”â”â”â”â”â”â”â”â”â”â”â”â”â”â”â”â”â”â”â”â”â”â” 6.6/6.6 MB 155.4 MB/s  0:00:00
2025-08-16T13:53:20.3440363Z Downloading pyparsing-3.2.3-py3-none-any.whl (111 kB)
2025-08-16T13:53:20.3597969Z Downloading vnstock_ezchart-0.0.2-py3-none-any.whl (14 kB)
2025-08-16T13:53:20.3726893Z Downloading squarify-0.4.4-py3-none-any.whl (4.1 kB)
2025-08-16T13:53:20.3857418Z Downloading vnstock-3.2.6-py3-none-any.whl (121 kB)
2025-08-16T13:53:20.3986864Z Downloading importlib_metadata-8.7.0-py3-none-any.whl (27 kB)
2025-08-16T13:53:20.4103952Z Downloading zipp-3.23.0-py3-none-any.whl (10 kB)
2025-08-16T13:53:20.4220582Z Downloading tenacity-9.1.2-py3-none-any.whl (28 kB)
2025-08-16T13:53:20.4343809Z Downloading wordcloud-1.9.4-cp311-cp311-manylinux_2_17_x86_64.manylinux2014_x86_64.whl (547 kB)
2025-08-16T13:53:20.4417061Z    â”â”â”â”â”â”â”â”â”â”â”â”â”â”â”â”â”â”â”â”â”â”â”â”â”â”â”â”â”â”â”â”â”â”â”â”â”â”â”â” 547.9/547.9 kB 70.7 MB/s  0:00:00
2025-08-16T13:53:20.5407676Z Building wheels for collected packages: multitasking, peewee
2025-08-16T13:53:20.5415745Z   Building wheel for multitasking (pyproject.toml): started
2025-08-16T13:53:20.7347224Z   Building wheel for multitasking (pyproject.toml): finished with status 'done'
2025-08-16T13:53:20.7354713Z   Created wheel for multitasking: filename=multitasking-0.0.12-py3-none-any.whl size=15636 sha256=ee8ec9761edb04645d051b9ad2102a5aaa7edb1715b1b18e4f6ba993de72a6e8
2025-08-16T13:53:20.7356693Z   Stored in directory: /home/runner/.cache/pip/wheels/42/d6/84/bf57a755f4569494cd00de4bb46ef064874823f4d19c82e960
2025-08-16T13:53:20.7398017Z   Building wheel for peewee (pyproject.toml): started
2025-08-16T13:53:32.3952697Z   Building wheel for peewee (pyproject.toml): finished with status 'done'
2025-08-16T13:53:32.3967003Z   Created wheel for peewee: filename=peewee-3.18.2-cp311-cp311-linux_x86_64.whl size=1064020 sha256=3c2b6e37c3d16f22b51026341a4e8eb84c334242f0c2df261cfd62e80b45432c
2025-08-16T13:53:32.3968951Z   Stored in directory: /home/runner/.cache/pip/wheels/28/84/61/758d1bd7b9c9d700158c8642a8aff2a9bf2e1ae69641c40784
2025-08-16T13:53:32.3988067Z Successfully built multitasking peewee
2025-08-16T13:53:32.5065498Z Installing collected packages: squarify, pytz, peewee, multitasking, zipp, websockets, urllib3, tzdata, typing-extensions, tenacity, soupsieve, six, pyparsing, pycparser, psutil, protobuf, platformdirs, pillow, packaging, numpy, kiwisolver, idna, frozendict, fonttools, fake_useragent, et-xmlfile, cycler, click, charset_normalizer, certifi, annotated-types, typing-inspection, requests, python-dateutil, pydantic-core, openpyxl, importlib-metadata, contourpy, cffi, beautifulsoup4, vnai, pydantic, pandas, matplotlib, curl_cffi, yfinance, wordcloud, seaborn, vnstock, vnstock_ezchart, vnstock3
2025-08-16T13:53:43.1261071Z 
2025-08-16T13:53:43.1290683Z Successfully installed annotated-types-0.7.0 beautifulsoup4-4.13.4 certifi-2025.8.3 cffi-1.17.1 charset_normalizer-3.4.3 click-8.2.1 contourpy-1.3.3 curl_cffi-0.13.0 cycler-0.12.1 et-xmlfile-2.0.0 fake_useragent-2.2.0 fonttools-4.59.1 frozendict-2.4.6 idna-3.10 importlib-metadata-8.7.0 kiwisolver-1.4.9 matplotlib-3.10.5 multitasking-0.0.12 numpy-2.3.2 openpyxl-3.1.5 packaging-25.0 pandas-2.3.1 peewee-3.18.2 pillow-11.3.0 platformdirs-4.3.8 protobuf-6.32.0 psutil-7.0.0 pycparser-2.22 pydantic-2.11.7 pydantic-core-2.33.2 pyparsing-3.2.3 python-dateutil-2.9.0.post0 pytz-2025.2 requests-2.32.4 seaborn-0.13.2 six-1.17.0 soupsieve-2.7 squarify-0.4.4 tenacity-9.1.2 typing-extensions-4.14.1 typing-inspection-0.4.1 tzdata-2025.2 urllib3-2.5.0 vnai-2.1.9 vnstock-3.2.6 vnstock3-3.2.1 vnstock_ezchart-0.0.2 websockets-15.0.1 wordcloud-1.9.4 yfinance-0.2.65 zipp-3.23.0
2025-08-16T13:53:43.5434246Z ##[group]Run python bot.py
2025-08-16T13:53:43.5434537Z [36;1mpython bot.py[0m
2025-08-16T13:53:43.5477295Z shell: /usr/bin/bash -e {0}
2025-08-16T13:53:43.5477534Z env:
2025-08-16T13:53:43.5477793Z   pythonLocation: /opt/hostedtoolcache/Python/3.11.13/x64
2025-08-16T13:53:43.5478207Z   PKG_CONFIG_PATH: /opt/hostedtoolcache/Python/3.11.13/x64/lib/pkgconfig
2025-08-16T13:53:43.5478610Z   Python_ROOT_DIR: /opt/hostedtoolcache/Python/3.11.13/x64
2025-08-16T13:53:43.5478964Z   Python2_ROOT_DIR: /opt/hostedtoolcache/Python/3.11.13/x64
2025-08-16T13:53:43.5479311Z   Python3_ROOT_DIR: /opt/hostedtoolcache/Python/3.11.13/x64
2025-08-16T13:53:43.5479662Z   LD_LIBRARY_PATH: /opt/hostedtoolcache/Python/3.11.13/x64/lib
2025-08-16T13:53:43.5480132Z   BOT_TOKEN: ***
2025-08-16T13:53:43.5480326Z   CHAT_ID: ***
2025-08-16T13:53:43.5480496Z ##[endgroup]
2025-08-16T13:53:48.9862111Z HTTP Error 404: 
2025-08-16T13:53:49.3283718Z $^VNINDEX: possibly delisted; no price data found  (period=120d) (Yahoo error = "No data found, symbol may be delisted")
2025-08-16T13:53:50.6750903Z $QTP.VN: possibly delisted; no price data found  (period=60d) (Yahoo error = "No data found, symbol may be delisted")
2025-08-16T13:53:50.6752671Z === Report preview ===
2025-08-16T13:53:50.6753827Z ğŸ“Š BÃ¡o cÃ¡o thá»‹ trÆ°á»ng â€” 2025-08-16 13:53:47
2025-08-16T13:53:50.6754534Z ğŸ“ˆ VN-Index: â€” (lá»—i dá»¯ liá»‡u)
2025-08-16T13:53:50.6755274Z ğŸ” Khá»‘i ngoáº¡i (toÃ n TT): â€”
2025-08-16T13:53:50.6755496Z 
2025-08-16T13:53:50.6755631Z ğŸ“Œ Chi tiáº¿t mÃ£:
2025-08-16T13:53:50.6756185Z MBB: 28250.0 +2.36% | KL=121.51 Mn (VolRatio=2.34Ã—) | TB tuáº§n: 26057.27265625 / 51.84 Mn | NN: Mua â€” / BÃ¡n â€”
2025-08-16T13:53:50.6756930Z HPG: 28000.0 -0.71% | KL=108.74 Mn (VolRatio=1.32Ã—) | TB tuáº§n: 28190.0 / 82.07 Mn | NN: Mua â€” / BÃ¡n â€”
2025-08-16T13:53:50.6757603Z SSI: 36550.0 -0.68% | KL=59.03 Mn (VolRatio=0.96Ã—) | TB tuáº§n: 36870.0 / 61.36 Mn | NN: Mua â€” / BÃ¡n â€”
2025-08-16T13:53:50.6758308Z PVP: 15250.0 +0.00% | KL=0.46 Mn (VolRatio=1.19Ã—) | TB tuáº§n: 15220.0 / 0.39 Mn | NN: Mua â€” / BÃ¡n â€”
2025-08-16T13:53:50.6758960Z KSB: 19700.0 -2.72% | KL=5.05 Mn (VolRatio=1.13Ã—) | TB tuáº§n: 19890.0 / 4.48 Mn | NN: Mua â€” / BÃ¡n â€”
2025-08-16T13:53:50.6759414Z QTP: â€” (lá»—i dá»¯ liá»‡u)
2025-08-16T13:53:50.6759537Z 
2025-08-16T13:53:50.6759632Z âš ï¸ Alerts:
2025-08-16T13:53:50.6759739Z 
2025-08-16T13:53:50.6759910Z (Thá»i gian bÃ¡o cÃ¡o: 2025-08-16 13:53:47) - Bot_fixed
2025-08-16T13:53:50.6760690Z [DEBUG] Sending to Telegram CHAT_ID=***, token=***JaLanQ
2025-08-16T13:53:51.3029354Z [DEBUG] Telegram response 200: {"ok":true,"result":{"message_id":15,"from":{"id":8105560161,"is_bot":true,"first_name":"VNStockUpdateBot","username":"VNStockUpdateBot"},"chat":{"id":***,"first_name":"T\u00edn","last_name":"N
2025-08-16T13:53:51.3030393Z [DEBUG] Report sent/attempted.
2025-08-16T13:53:51.4609946Z Post job cleanup.
2025-08-16T13:53:51.6214483Z Post job cleanup.
2025-08-16T13:53:51.7141955Z [command]/usr/bin/git version
2025-08-16T13:53:51.7178038Z git version 2.50.1
2025-08-16T13:53:51.7221372Z Temporarily overriding HOME='/home/runner/work/_temp/384d60b2-d8e9-4373-aa35-159d2b94488c' before making global git config changes
2025-08-16T13:53:51.7223035Z Adding repository directory to the temporary git global config as a safe directory
2025-08-16T13:53:51.7234890Z [command]/usr/bin/git config --global --add safe.directory /home/runner/work/Telegram_bot_update1/Telegram_bot_update1
2025-08-16T13:53:51.7269855Z [command]/usr/bin/git config --local --name-only --get-regexp core\.sshCommand
2025-08-16T13:53:51.7303325Z [command]/usr/bin/git submodule foreach --recursive sh -c "git config --local --name-only --get-regexp 'core\.sshCommand' && git config --local --unset-all 'core.sshCommand' || :"
2025-08-16T13:53:51.7534948Z [command]/usr/bin/git config --local --name-only --get-regexp http\.https\:\/\/github\.com\/\.extraheader
2025-08-16T13:53:51.7555593Z http.https://github.com/.extraheader
2025-08-16T13:53:51.7568486Z [command]/usr/bin/git config --local --unset-all http.https://github.com/.extraheader
2025-08-16T13:53:51.7597768Z [command]/usr/bin/git submodule foreach --recursive sh -c "git config --local --name-only --get-regexp 'http\.https\:\/\/github\.com\/\.extraheader' && git config --local --unset-all 'http.https://github.com/.extraheader' || :"
2025-08-16T13:53:51.7952763Z Cleaning up orphan processes