2025-08-16T13:15:51.2949825Z Current runner version: '2.327.1'
2025-08-16T13:15:51.2971909Z ##[group]Runner Image Provisioner
2025-08-16T13:15:51.2972750Z Hosted Compute Agent
2025-08-16T13:15:51.2973361Z Version: 20250812.370
2025-08-16T13:15:51.2974000Z Commit: 4a2b2bf7520004e3e907c2150c8cabe342a3da32
2025-08-16T13:15:51.2974701Z Build Date: 2025-08-12T16:08:14Z
2025-08-16T13:15:51.2975361Z ##[endgroup]
2025-08-16T13:15:51.2975892Z ##[group]Operating System
2025-08-16T13:15:51.2976441Z Ubuntu
2025-08-16T13:15:51.2976960Z 24.04.2
2025-08-16T13:15:51.2977388Z LTS
2025-08-16T13:15:51.2977853Z ##[endgroup]
2025-08-16T13:15:51.2978436Z ##[group]Runner Image
2025-08-16T13:15:51.2978948Z Image: ubuntu-24.04
2025-08-16T13:15:51.2979647Z Version: 20250810.1.0
2025-08-16T13:15:51.2980735Z Included Software: https://github.com/actions/runner-images/blob/ubuntu24/20250810.1/images/ubuntu/Ubuntu2404-Readme.md
2025-08-16T13:15:51.2982224Z Image Release: https://github.com/actions/runner-images/releases/tag/ubuntu24%2F20250810.1
2025-08-16T13:15:51.2983321Z ##[endgroup]
2025-08-16T13:15:51.2984385Z ##[group]GITHUB_TOKEN Permissions
2025-08-16T13:15:51.2986226Z Contents: read
2025-08-16T13:15:51.2986807Z Metadata: read
2025-08-16T13:15:51.2987296Z Packages: read
2025-08-16T13:15:51.2987936Z ##[endgroup]
2025-08-16T13:15:51.2990463Z Secret source: Actions
2025-08-16T13:15:51.2991353Z Prepare workflow directory
2025-08-16T13:15:51.3311945Z Prepare all required actions
2025-08-16T13:15:51.3351904Z Getting action download info
2025-08-16T13:15:51.7479530Z Download action repository 'actions/checkout@v4' (SHA:08eba0b27e820071cde6df949e0beb9ba4906955)
2025-08-16T13:15:52.2658358Z Download action repository 'actions/setup-python@v4' (SHA:7f4fc3e22c37d6ff65e88745f38bd3157c663f7c)
2025-08-16T13:15:52.9125725Z Complete job name: send
2025-08-16T13:15:52.9805626Z ##[group]Run actions/checkout@v4
2025-08-16T13:15:52.9806517Z with:
2025-08-16T13:15:52.9807020Z   repository: Alvic-maker/Telegram_bot_update1
2025-08-16T13:15:52.9807793Z   token: ***
2025-08-16T13:15:52.9808246Z   ssh-strict: true
2025-08-16T13:15:52.9808693Z   ssh-user: git
2025-08-16T13:15:52.9809298Z   persist-credentials: true
2025-08-16T13:15:52.9809805Z   clean: true
2025-08-16T13:15:52.9810255Z   sparse-checkout-cone-mode: true
2025-08-16T13:15:52.9810770Z   fetch-depth: 1
2025-08-16T13:15:52.9811207Z   fetch-tags: false
2025-08-16T13:15:52.9811647Z   show-progress: true
2025-08-16T13:15:52.9812104Z   lfs: false
2025-08-16T13:15:52.9812522Z   submodules: false
2025-08-16T13:15:52.9812983Z   set-safe-directory: true
2025-08-16T13:15:52.9813723Z ##[endgroup]
2025-08-16T13:15:53.0894123Z Syncing repository: Alvic-maker/Telegram_bot_update1
2025-08-16T13:15:53.0897418Z ##[group]Getting Git version info
2025-08-16T13:15:53.0899445Z Working directory is '/home/runner/work/Telegram_bot_update1/Telegram_bot_update1'
2025-08-16T13:15:53.0902064Z [command]/usr/bin/git version
2025-08-16T13:15:53.0935473Z git version 2.50.1
2025-08-16T13:15:53.0962675Z ##[endgroup]
2025-08-16T13:15:53.0977168Z Temporarily overriding HOME='/home/runner/work/_temp/9df68f6f-229b-4911-bdc2-54eb1f997401' before making global git config changes
2025-08-16T13:15:53.0980215Z Adding repository directory to the temporary git global config as a safe directory
2025-08-16T13:15:53.0984164Z [command]/usr/bin/git config --global --add safe.directory /home/runner/work/Telegram_bot_update1/Telegram_bot_update1
2025-08-16T13:15:53.1019825Z Deleting the contents of '/home/runner/work/Telegram_bot_update1/Telegram_bot_update1'
2025-08-16T13:15:53.1023386Z ##[group]Initializing the repository
2025-08-16T13:15:53.1028354Z [command]/usr/bin/git init /home/runner/work/Telegram_bot_update1/Telegram_bot_update1
2025-08-16T13:15:53.1092159Z hint: Using 'master' as the name for the initial branch. This default branch name
2025-08-16T13:15:53.1094075Z hint: is subject to change. To configure the initial branch name to use in all
2025-08-16T13:15:53.1095479Z hint: of your new repositories, which will suppress this warning, call:
2025-08-16T13:15:53.1096885Z hint:
2025-08-16T13:15:53.1098482Z hint: 	git config --global init.defaultBranch <name>
2025-08-16T13:15:53.1099914Z hint:
2025-08-16T13:15:53.1101067Z hint: Names commonly chosen instead of 'master' are 'main', 'trunk' and
2025-08-16T13:15:53.1102987Z hint: 'development'. The just-created branch can be renamed via this command:
2025-08-16T13:15:53.1104386Z hint:
2025-08-16T13:15:53.1105132Z hint: 	git branch -m <name>
2025-08-16T13:15:53.1106064Z hint:
2025-08-16T13:15:53.1107313Z hint: Disable this message with "git config set advice.defaultBranchName false"
2025-08-16T13:15:53.1109941Z Initialized empty Git repository in /home/runner/work/Telegram_bot_update1/Telegram_bot_update1/.git/
2025-08-16T13:15:53.1113382Z [command]/usr/bin/git remote add origin https://github.com/Alvic-maker/Telegram_bot_update1
2025-08-16T13:15:53.1145583Z ##[endgroup]
2025-08-16T13:15:53.1146412Z ##[group]Disabling automatic garbage collection
2025-08-16T13:15:53.1149472Z [command]/usr/bin/git config --local gc.auto 0
2025-08-16T13:15:53.1177268Z ##[endgroup]
2025-08-16T13:15:53.1178008Z ##[group]Setting up auth
2025-08-16T13:15:53.1183725Z [command]/usr/bin/git config --local --name-only --get-regexp core\.sshCommand
2025-08-16T13:15:53.1213320Z [command]/usr/bin/git submodule foreach --recursive sh -c "git config --local --name-only --get-regexp 'core\.sshCommand' && git config --local --unset-all 'core.sshCommand' || :"
2025-08-16T13:15:53.1491570Z [command]/usr/bin/git config --local --name-only --get-regexp http\.https\:\/\/github\.com\/\.extraheader
2025-08-16T13:15:53.1519253Z [command]/usr/bin/git submodule foreach --recursive sh -c "git config --local --name-only --get-regexp 'http\.https\:\/\/github\.com\/\.extraheader' && git config --local --unset-all 'http.https://github.com/.extraheader' || :"
2025-08-16T13:15:53.1733669Z [command]/usr/bin/git config --local http.https://github.com/.extraheader AUTHORIZATION: basic ***
2025-08-16T13:15:53.1766218Z ##[endgroup]
2025-08-16T13:15:53.1767158Z ##[group]Fetching the repository
2025-08-16T13:15:53.1774770Z [command]/usr/bin/git -c protocol.version=2 fetch --no-tags --prune --no-recurse-submodules --depth=1 origin +7351826f7f474e4c7191babebff6519c86bfb32d:refs/remotes/origin/main
2025-08-16T13:15:53.4995223Z From https://github.com/Alvic-maker/Telegram_bot_update1
2025-08-16T13:15:53.4996190Z  * [new ref]         7351826f7f474e4c7191babebff6519c86bfb32d -> origin/main
2025-08-16T13:15:53.5018947Z ##[endgroup]
2025-08-16T13:15:53.5020358Z ##[group]Determining the checkout info
2025-08-16T13:15:53.5021834Z ##[endgroup]
2025-08-16T13:15:53.5027000Z [command]/usr/bin/git sparse-checkout disable
2025-08-16T13:15:53.5065478Z [command]/usr/bin/git config --local --unset-all extensions.worktreeConfig
2025-08-16T13:15:53.5093342Z ##[group]Checking out the ref
2025-08-16T13:15:53.5097495Z [command]/usr/bin/git checkout --progress --force -B main refs/remotes/origin/main
2025-08-16T13:15:53.5137338Z Switched to a new branch 'main'
2025-08-16T13:15:53.5140228Z branch 'main' set up to track 'origin/main'.
2025-08-16T13:15:53.5146337Z ##[endgroup]
2025-08-16T13:15:53.5179619Z [command]/usr/bin/git log -1 --format=%H
2025-08-16T13:15:53.5201261Z 7351826f7f474e4c7191babebff6519c86bfb32d
2025-08-16T13:15:53.5427556Z ##[group]Run actions/setup-python@v4
2025-08-16T13:15:53.5428090Z with:
2025-08-16T13:15:53.5428457Z   python-version: 3.11
2025-08-16T13:15:53.5428887Z   check-latest: false
2025-08-16T13:15:53.5429806Z   token: ***
2025-08-16T13:15:53.5430292Z   update-environment: true
2025-08-16T13:15:53.5430760Z   allow-prereleases: false
2025-08-16T13:15:53.5431197Z ##[endgroup]
2025-08-16T13:15:53.7075199Z ##[group]Installed versions
2025-08-16T13:15:53.7162127Z Successfully set up CPython (3.11.13)
2025-08-16T13:15:53.7163204Z ##[endgroup]
2025-08-16T13:15:53.7276269Z ##[group]Run python -m pip install --upgrade pip
2025-08-16T13:15:53.7277009Z [36;1mpython -m pip install --upgrade pip[0m
2025-08-16T13:15:53.7277693Z [36;1mpip install -r requirements.txt[0m
2025-08-16T13:15:53.7355724Z shell: /usr/bin/bash -e {0}
2025-08-16T13:15:53.7356515Z env:
2025-08-16T13:15:53.7357003Z   pythonLocation: /opt/hostedtoolcache/Python/3.11.13/x64
2025-08-16T13:15:53.7357813Z   PKG_CONFIG_PATH: /opt/hostedtoolcache/Python/3.11.13/x64/lib/pkgconfig
2025-08-16T13:15:53.7358609Z   Python_ROOT_DIR: /opt/hostedtoolcache/Python/3.11.13/x64
2025-08-16T13:15:53.7359528Z   Python2_ROOT_DIR: /opt/hostedtoolcache/Python/3.11.13/x64
2025-08-16T13:15:53.7360260Z   Python3_ROOT_DIR: /opt/hostedtoolcache/Python/3.11.13/x64
2025-08-16T13:15:53.7360969Z   LD_LIBRARY_PATH: /opt/hostedtoolcache/Python/3.11.13/x64/lib
2025-08-16T13:15:53.7361550Z ##[endgroup]
2025-08-16T13:15:54.2056713Z Requirement already satisfied: pip in /opt/hostedtoolcache/Python/3.11.13/x64/lib/python3.11/site-packages (25.2)
2025-08-16T13:15:54.8130298Z Collecting yfinance (from -r requirements.txt (line 1))
2025-08-16T13:15:54.8462177Z   Downloading yfinance-0.2.65-py2.py3-none-any.whl.metadata (5.8 kB)
2025-08-16T13:15:54.8738456Z Collecting requests (from -r requirements.txt (line 2))
2025-08-16T13:15:54.8769842Z   Downloading requests-2.32.4-py3-none-any.whl.metadata (4.9 kB)
2025-08-16T13:15:54.9907318Z Collecting pandas (from -r requirements.txt (line 3))
2025-08-16T13:15:54.9938585Z   Downloading pandas-2.3.1-cp311-cp311-manylinux_2_17_x86_64.manylinux2014_x86_64.whl.metadata (91 kB)
2025-08-16T13:15:55.1298918Z Collecting vnstock (from -r requirements.txt (line 4))
2025-08-16T13:15:55.2106535Z   Downloading vnstock-3.2.6-py3-none-any.whl.metadata (42 kB)
2025-08-16T13:15:55.3834454Z Collecting numpy>=1.16.5 (from yfinance->-r requirements.txt (line 1))
2025-08-16T13:15:55.3865920Z   Downloading numpy-2.3.2-cp311-cp311-manylinux_2_27_x86_64.manylinux_2_28_x86_64.whl.metadata (62 kB)
2025-08-16T13:15:55.4103299Z Collecting multitasking>=0.0.7 (from yfinance->-r requirements.txt (line 1))
2025-08-16T13:15:55.4130922Z   Downloading multitasking-0.0.12.tar.gz (19 kB)
2025-08-16T13:15:55.4274421Z   Installing build dependencies: started
2025-08-16T13:15:56.1504246Z   Installing build dependencies: finished with status 'done'
2025-08-16T13:15:56.1510435Z   Getting requirements to build wheel: started
2025-08-16T13:15:56.4793012Z   Getting requirements to build wheel: finished with status 'done'
2025-08-16T13:15:56.4800790Z   Preparing metadata (pyproject.toml): started
2025-08-16T13:15:56.6406390Z   Preparing metadata (pyproject.toml): finished with status 'done'
2025-08-16T13:15:56.6664145Z Collecting platformdirs>=2.0.0 (from yfinance->-r requirements.txt (line 1))
2025-08-16T13:15:56.6697892Z   Downloading platformdirs-4.3.8-py3-none-any.whl.metadata (12 kB)
2025-08-16T13:15:56.7040297Z Collecting pytz>=2022.5 (from yfinance->-r requirements.txt (line 1))
2025-08-16T13:15:56.7067704Z   Downloading pytz-2025.2-py2.py3-none-any.whl.metadata (22 kB)
2025-08-16T13:15:56.7448792Z Collecting frozendict>=2.3.4 (from yfinance->-r requirements.txt (line 1))
2025-08-16T13:15:56.7485018Z   Downloading frozendict-2.4.6-py311-none-any.whl.metadata (23 kB)
2025-08-16T13:15:56.7679464Z Collecting peewee>=3.16.2 (from yfinance->-r requirements.txt (line 1))
2025-08-16T13:15:56.7739935Z   Downloading peewee-3.18.2.tar.gz (949 kB)
2025-08-16T13:15:56.7832307Z      â”â”â”â”â”â”â”â”â”â”â”â”â”â”â”â”â”â”â”â”â”â”â”â”â”â”â”â”â”â”â”â”â”â”â”â”â”â”â”â” 949.2/949.2 kB 114.0 MB/s  0:00:00
2025-08-16T13:15:56.8434584Z   Installing build dependencies: started
2025-08-16T13:15:57.5641879Z   Installing build dependencies: finished with status 'done'
2025-08-16T13:15:57.5647958Z   Getting requirements to build wheel: started
2025-08-16T13:15:58.1531077Z   Getting requirements to build wheel: finished with status 'done'
2025-08-16T13:15:58.1539323Z   Preparing metadata (pyproject.toml): started
2025-08-16T13:15:58.3536805Z   Preparing metadata (pyproject.toml): finished with status 'done'
2025-08-16T13:15:58.3677075Z Collecting beautifulsoup4>=4.11.1 (from yfinance->-r requirements.txt (line 1))
2025-08-16T13:15:58.3708022Z   Downloading beautifulsoup4-4.13.4-py3-none-any.whl.metadata (3.8 kB)
2025-08-16T13:15:58.4153126Z Collecting curl_cffi>=0.7 (from yfinance->-r requirements.txt (line 1))
2025-08-16T13:15:58.4187088Z   Downloading curl_cffi-0.13.0-cp39-abi3-manylinux_2_17_x86_64.manylinux2014_x86_64.whl.metadata (13 kB)
2025-08-16T13:15:58.5891859Z Collecting protobuf>=3.19.0 (from yfinance->-r requirements.txt (line 1))
2025-08-16T13:15:58.5922716Z   Downloading protobuf-6.32.0-cp39-abi3-manylinux2014_x86_64.whl.metadata (593 bytes)
2025-08-16T13:15:58.6739942Z Collecting websockets>=13.0 (from yfinance->-r requirements.txt (line 1))
2025-08-16T13:15:58.6772456Z   Downloading websockets-15.0.1-cp311-cp311-manylinux_2_5_x86_64.manylinux1_x86_64.manylinux_2_17_x86_64.manylinux2014_x86_64.whl.metadata (6.8 kB)
2025-08-16T13:15:58.7508953Z Collecting charset_normalizer<4,>=2 (from requests->-r requirements.txt (line 2))
2025-08-16T13:15:58.7544758Z   Downloading charset_normalizer-3.4.3-cp311-cp311-manylinux2014_x86_64.manylinux_2_17_x86_64.manylinux_2_28_x86_64.whl.metadata (36 kB)
2025-08-16T13:15:58.7752860Z Collecting idna<4,>=2.5 (from requests->-r requirements.txt (line 2))
2025-08-16T13:15:58.7782004Z   Downloading idna-3.10-py3-none-any.whl.metadata (10 kB)
2025-08-16T13:15:58.8064159Z Collecting urllib3<3,>=1.21.1 (from requests->-r requirements.txt (line 2))
2025-08-16T13:15:58.8090892Z   Downloading urllib3-2.5.0-py3-none-any.whl.metadata (6.5 kB)
2025-08-16T13:15:58.8296849Z Collecting certifi>=2017.4.17 (from requests->-r requirements.txt (line 2))
2025-08-16T13:15:58.8324526Z   Downloading certifi-2025.8.3-py3-none-any.whl.metadata (2.4 kB)
2025-08-16T13:15:58.8543721Z Collecting python-dateutil>=2.8.2 (from pandas->-r requirements.txt (line 3))
2025-08-16T13:15:58.8575394Z   Downloading python_dateutil-2.9.0.post0-py2.py3-none-any.whl.metadata (8.4 kB)
2025-08-16T13:15:58.8765716Z Collecting tzdata>=2022.7 (from pandas->-r requirements.txt (line 3))
2025-08-16T13:15:58.8794835Z   Downloading tzdata-2025.2-py2.py3-none-any.whl.metadata (1.4 kB)
2025-08-16T13:15:58.8923401Z Collecting seaborn (from vnstock->-r requirements.txt (line 4))
2025-08-16T13:15:58.8951512Z   Downloading seaborn-0.13.2-py3-none-any.whl.metadata (5.4 kB)
2025-08-16T13:15:58.9159996Z Collecting openpyxl (from vnstock->-r requirements.txt (line 4))
2025-08-16T13:15:58.9196944Z   Downloading openpyxl-3.1.5-py2.py3-none-any.whl.metadata (2.5 kB)
2025-08-16T13:15:59.0245198Z Collecting pydantic (from vnstock->-r requirements.txt (line 4))
2025-08-16T13:15:59.0283734Z   Downloading pydantic-2.11.7-py3-none-any.whl.metadata (67 kB)
2025-08-16T13:15:59.1132852Z Collecting psutil (from vnstock->-r requirements.txt (line 4))
2025-08-16T13:15:59.1183486Z   Downloading psutil-7.0.0-cp36-abi3-manylinux_2_12_x86_64.manylinux2010_x86_64.manylinux_2_17_x86_64.manylinux2014_x86_64.whl.metadata (22 kB)
2025-08-16T13:15:59.1348893Z Collecting fake_useragent (from vnstock->-r requirements.txt (line 4))
2025-08-16T13:15:59.1377085Z   Downloading fake_useragent-2.2.0-py3-none-any.whl.metadata (17 kB)
2025-08-16T13:15:59.2182498Z Collecting vnstock_ezchart (from vnstock->-r requirements.txt (line 4))
2025-08-16T13:15:59.2228334Z   Downloading vnstock_ezchart-0.0.2-py3-none-any.whl.metadata (6.6 kB)
2025-08-16T13:15:59.2399747Z Collecting click (from vnstock->-r requirements.txt (line 4))
2025-08-16T13:15:59.2428375Z   Downloading click-8.2.1-py3-none-any.whl.metadata (2.5 kB)
2025-08-16T13:15:59.2592483Z Collecting packaging>=20.0 (from vnstock->-r requirements.txt (line 4))
2025-08-16T13:15:59.2620879Z   Downloading packaging-25.0-py3-none-any.whl.metadata (3.3 kB)
2025-08-16T13:15:59.2936596Z Collecting importlib-metadata>=1.0 (from vnstock->-r requirements.txt (line 4))
2025-08-16T13:15:59.2966060Z   Downloading importlib_metadata-8.7.0-py3-none-any.whl.metadata (4.8 kB)
2025-08-16T13:15:59.3140367Z Collecting tenacity (from vnstock->-r requirements.txt (line 4))
2025-08-16T13:15:59.3167609Z   Downloading tenacity-9.1.2-py3-none-any.whl.metadata (1.2 kB)
2025-08-16T13:15:59.3978896Z Collecting vnai>=2.0.3 (from vnstock->-r requirements.txt (line 4))
2025-08-16T13:15:59.4759904Z   Downloading vnai-2.1.9-py3-none-any.whl.metadata (662 bytes)
2025-08-16T13:15:59.4925273Z Collecting soupsieve>1.2 (from beautifulsoup4>=4.11.1->yfinance->-r requirements.txt (line 1))
2025-08-16T13:15:59.4952671Z   Downloading soupsieve-2.7-py3-none-any.whl.metadata (4.6 kB)
2025-08-16T13:15:59.5120649Z Collecting typing-extensions>=4.0.0 (from beautifulsoup4>=4.11.1->yfinance->-r requirements.txt (line 1))
2025-08-16T13:15:59.5151041Z   Downloading typing_extensions-4.14.1-py3-none-any.whl.metadata (3.0 kB)
2025-08-16T13:15:59.6099934Z Collecting cffi>=1.12.0 (from curl_cffi>=0.7->yfinance->-r requirements.txt (line 1))
2025-08-16T13:15:59.6130610Z   Downloading cffi-1.17.1-cp311-cp311-manylinux_2_17_x86_64.manylinux2014_x86_64.whl.metadata (1.5 kB)
2025-08-16T13:15:59.6272298Z Collecting pycparser (from cffi>=1.12.0->curl_cffi>=0.7->yfinance->-r requirements.txt (line 1))
2025-08-16T13:15:59.6299048Z   Downloading pycparser-2.22-py3-none-any.whl.metadata (943 bytes)
2025-08-16T13:15:59.6472609Z Collecting zipp>=3.20 (from importlib-metadata>=1.0->vnstock->-r requirements.txt (line 4))
2025-08-16T13:15:59.6502657Z   Downloading zipp-3.23.0-py3-none-any.whl.metadata (3.6 kB)
2025-08-16T13:15:59.6687904Z Collecting six>=1.5 (from python-dateutil>=2.8.2->pandas->-r requirements.txt (line 3))
2025-08-16T13:15:59.6716634Z   Downloading six-1.17.0-py2.py3-none-any.whl.metadata (1.7 kB)
2025-08-16T13:15:59.6990528Z Collecting et-xmlfile (from openpyxl->vnstock->-r requirements.txt (line 4))
2025-08-16T13:15:59.7020732Z   Downloading et_xmlfile-2.0.0-py3-none-any.whl.metadata (2.7 kB)
2025-08-16T13:15:59.7143907Z Collecting annotated-types>=0.6.0 (from pydantic->vnstock->-r requirements.txt (line 4))
2025-08-16T13:15:59.7171804Z   Downloading annotated_types-0.7.0-py3-none-any.whl.metadata (15 kB)
2025-08-16T13:16:00.3371798Z Collecting pydantic-core==2.33.2 (from pydantic->vnstock->-r requirements.txt (line 4))
2025-08-16T13:16:00.3403088Z   Downloading pydantic_core-2.33.2-cp311-cp311-manylinux_2_17_x86_64.manylinux2014_x86_64.whl.metadata (6.8 kB)
2025-08-16T13:16:00.3526613Z Collecting typing-inspection>=0.4.0 (from pydantic->vnstock->-r requirements.txt (line 4))
2025-08-16T13:16:00.3558795Z   Downloading typing_inspection-0.4.1-py3-none-any.whl.metadata (2.6 kB)
2025-08-16T13:16:00.5499714Z Collecting matplotlib!=3.6.1,>=3.4 (from seaborn->vnstock->-r requirements.txt (line 4))
2025-08-16T13:16:00.5529467Z   Downloading matplotlib-3.10.5-cp311-cp311-manylinux2014_x86_64.manylinux_2_17_x86_64.whl.metadata (11 kB)
2025-08-16T13:16:00.6167027Z Collecting contourpy>=1.0.1 (from matplotlib!=3.6.1,>=3.4->seaborn->vnstock->-r requirements.txt (line 4))
2025-08-16T13:16:00.6198884Z   Downloading contourpy-1.3.3-cp311-cp311-manylinux_2_27_x86_64.manylinux_2_28_x86_64.whl.metadata (5.5 kB)
2025-08-16T13:16:00.6313517Z Collecting cycler>=0.10 (from matplotlib!=3.6.1,>=3.4->seaborn->vnstock->-r requirements.txt (line 4))
2025-08-16T13:16:00.6341118Z   Downloading cycler-0.12.1-py3-none-any.whl.metadata (3.8 kB)
2025-08-16T13:16:00.7653779Z Collecting fonttools>=4.22.0 (from matplotlib!=3.6.1,>=3.4->seaborn->vnstock->-r requirements.txt (line 4))
2025-08-16T13:16:00.7683367Z   Downloading fonttools-4.59.1-cp311-cp311-manylinux2014_x86_64.manylinux_2_17_x86_64.whl.metadata (108 kB)
2025-08-16T13:16:00.8357025Z Collecting kiwisolver>=1.3.1 (from matplotlib!=3.6.1,>=3.4->seaborn->vnstock->-r requirements.txt (line 4))
2025-08-16T13:16:00.8385984Z   Downloading kiwisolver-1.4.9-cp311-cp311-manylinux2014_x86_64.manylinux_2_17_x86_64.whl.metadata (6.3 kB)
2025-08-16T13:16:01.0580716Z Collecting pillow>=8 (from matplotlib!=3.6.1,>=3.4->seaborn->vnstock->-r requirements.txt (line 4))
2025-08-16T13:16:01.0611757Z   Downloading pillow-11.3.0-cp311-cp311-manylinux_2_27_x86_64.manylinux_2_28_x86_64.whl.metadata (9.0 kB)
2025-08-16T13:16:01.0881771Z Collecting pyparsing>=2.3.1 (from matplotlib!=3.6.1,>=3.4->seaborn->vnstock->-r requirements.txt (line 4))
2025-08-16T13:16:01.0910298Z   Downloading pyparsing-3.2.3-py3-none-any.whl.metadata (5.0 kB)
2025-08-16T13:16:01.1244260Z Collecting squarify (from vnstock_ezchart->vnstock->-r requirements.txt (line 4))
2025-08-16T13:16:01.1280783Z   Downloading squarify-0.4.4-py3-none-any.whl.metadata (600 bytes)
2025-08-16T13:16:01.1545392Z Collecting wordcloud (from vnstock_ezchart->vnstock->-r requirements.txt (line 4))
2025-08-16T13:16:01.1584350Z   Downloading wordcloud-1.9.4-cp311-cp311-manylinux_2_17_x86_64.manylinux2014_x86_64.whl.metadata (3.4 kB)
2025-08-16T13:16:01.1784689Z Downloading yfinance-0.2.65-py2.py3-none-any.whl (119 kB)
2025-08-16T13:16:01.1835012Z Downloading requests-2.32.4-py3-none-any.whl (64 kB)
2025-08-16T13:16:01.1886449Z Downloading charset_normalizer-3.4.3-cp311-cp311-manylinux2014_x86_64.manylinux_2_17_x86_64.manylinux_2_28_x86_64.whl (150 kB)
2025-08-16T13:16:01.1938543Z Downloading idna-3.10-py3-none-any.whl (70 kB)
2025-08-16T13:16:01.1994486Z Downloading urllib3-2.5.0-py3-none-any.whl (129 kB)
2025-08-16T13:16:01.2044653Z Downloading pandas-2.3.1-cp311-cp311-manylinux_2_17_x86_64.manylinux2014_x86_64.whl (12.4 MB)
2025-08-16T13:16:01.2676577Z    â”â”â”â”â”â”â”â”â”â”â”â”â”â”â”â”â”â”â”â”â”â”â”â”â”â”â”â”â”â”â”â”â”â”â”â”â”â”â”â” 12.4/12.4 MB 206.1 MB/s  0:00:00
2025-08-16T13:16:01.2717776Z Downloading vnstock-3.2.6-py3-none-any.whl (121 kB)
2025-08-16T13:16:01.2773021Z Downloading beautifulsoup4-4.13.4-py3-none-any.whl (187 kB)
2025-08-16T13:16:01.2825969Z Downloading certifi-2025.8.3-py3-none-any.whl (161 kB)
2025-08-16T13:16:01.2911886Z Downloading curl_cffi-0.13.0-cp39-abi3-manylinux_2_17_x86_64.manylinux2014_x86_64.whl (8.3 MB)
2025-08-16T13:16:01.4019820Z    â”â”â”â”â”â”â”â”â”â”â”â”â”â”â”â”â”â”â”â”â”â”â”â”â”â”â”â”â”â”â”â”â”â”â”â”â”â”â”â” 8.3/8.3 MB 74.4 MB/s  0:00:00
2025-08-16T13:16:01.4050205Z Downloading cffi-1.17.1-cp311-cp311-manylinux_2_17_x86_64.manylinux2014_x86_64.whl (467 kB)
2025-08-16T13:16:01.4126647Z Downloading frozendict-2.4.6-py311-none-any.whl (16 kB)
2025-08-16T13:16:01.4180659Z Downloading importlib_metadata-8.7.0-py3-none-any.whl (27 kB)
2025-08-16T13:16:01.4230453Z Downloading numpy-2.3.2-cp311-cp311-manylinux_2_27_x86_64.manylinux_2_28_x86_64.whl (16.9 MB)
2025-08-16T13:16:01.5086521Z    â”â”â”â”â”â”â”â”â”â”â”â”â”â”â”â”â”â”â”â”â”â”â”â”â”â”â”â”â”â”â”â”â”â”â”â”â”â”â”â” 16.9/16.9 MB 207.4 MB/s  0:00:00
2025-08-16T13:16:01.5143263Z Downloading packaging-25.0-py3-none-any.whl (66 kB)
2025-08-16T13:16:01.5193987Z Downloading platformdirs-4.3.8-py3-none-any.whl (18 kB)
2025-08-16T13:16:01.5242251Z Downloading protobuf-6.32.0-cp39-abi3-manylinux2014_x86_64.whl (322 kB)
2025-08-16T13:16:01.5311139Z Downloading python_dateutil-2.9.0.post0-py2.py3-none-any.whl (229 kB)
2025-08-16T13:16:01.5371009Z Downloading pytz-2025.2-py2.py3-none-any.whl (509 kB)
2025-08-16T13:16:01.5440948Z Downloading six-1.17.0-py2.py3-none-any.whl (11 kB)
2025-08-16T13:16:01.5493494Z Downloading soupsieve-2.7-py3-none-any.whl (36 kB)
2025-08-16T13:16:01.5543774Z Downloading typing_extensions-4.14.1-py3-none-any.whl (43 kB)
2025-08-16T13:16:01.5614211Z Downloading tzdata-2025.2-py2.py3-none-any.whl (347 kB)
2025-08-16T13:16:01.5680363Z Downloading vnai-2.1.9-py3-none-any.whl (25 kB)
2025-08-16T13:16:01.5734547Z Downloading psutil-7.0.0-cp36-abi3-manylinux_2_12_x86_64.manylinux2010_x86_64.manylinux_2_17_x86_64.manylinux2014_x86_64.whl (277 kB)
2025-08-16T13:16:01.5793160Z Downloading websockets-15.0.1-cp311-cp311-manylinux_2_5_x86_64.manylinux1_x86_64.manylinux_2_17_x86_64.manylinux2014_x86_64.whl (182 kB)
2025-08-16T13:16:01.5846725Z Downloading zipp-3.23.0-py3-none-any.whl (10 kB)
2025-08-16T13:16:01.5897954Z Downloading click-8.2.1-py3-none-any.whl (102 kB)
2025-08-16T13:16:01.6032497Z Downloading fake_useragent-2.2.0-py3-none-any.whl (161 kB)
2025-08-16T13:16:01.6033888Z Downloading openpyxl-3.1.5-py2.py3-none-any.whl (250 kB)
2025-08-16T13:16:01.6075213Z Downloading et_xmlfile-2.0.0-py3-none-any.whl (18 kB)
2025-08-16T13:16:01.6124250Z Downloading pycparser-2.22-py3-none-any.whl (117 kB)
2025-08-16T13:16:01.6178748Z Downloading pydantic-2.11.7-py3-none-any.whl (444 kB)
2025-08-16T13:16:01.6257550Z Downloading pydantic_core-2.33.2-cp311-cp311-manylinux_2_17_x86_64.manylinux2014_x86_64.whl (2.0 MB)
2025-08-16T13:16:01.6368060Z    â”â”â”â”â”â”â”â”â”â”â”â”â”â”â”â”â”â”â”â”â”â”â”â”â”â”â”â”â”â”â”â”â”â”â”â”â”â”â”â” 2.0/2.0 MB 201.2 MB/s  0:00:00
2025-08-16T13:16:01.6399791Z Downloading annotated_types-0.7.0-py3-none-any.whl (13 kB)
2025-08-16T13:16:01.6446880Z Downloading typing_inspection-0.4.1-py3-none-any.whl (14 kB)
2025-08-16T13:16:01.6509715Z Downloading seaborn-0.13.2-py3-none-any.whl (294 kB)
2025-08-16T13:16:01.6571031Z Downloading matplotlib-3.10.5-cp311-cp311-manylinux2014_x86_64.manylinux_2_17_x86_64.whl (8.7 MB)
2025-08-16T13:16:01.6972081Z    â”â”â”â”â”â”â”â”â”â”â”â”â”â”â”â”â”â”â”â”â”â”â”â”â”â”â”â”â”â”â”â”â”â”â”â”â”â”â”â” 8.7/8.7 MB 222.2 MB/s  0:00:00
2025-08-16T13:16:01.7004071Z Downloading contourpy-1.3.3-cp311-cp311-manylinux_2_27_x86_64.manylinux_2_28_x86_64.whl (355 kB)
2025-08-16T13:16:01.7064353Z Downloading cycler-0.12.1-py3-none-any.whl (8.3 kB)
2025-08-16T13:16:01.7139461Z Downloading fonttools-4.59.1-cp311-cp311-manylinux2014_x86_64.manylinux_2_17_x86_64.whl (5.0 MB)
2025-08-16T13:16:01.7365839Z    â”â”â”â”â”â”â”â”â”â”â”â”â”â”â”â”â”â”â”â”â”â”â”â”â”â”â”â”â”â”â”â”â”â”â”â”â”â”â”â” 5.0/5.0 MB 229.8 MB/s  0:00:00
2025-08-16T13:16:01.7395765Z Downloading kiwisolver-1.4.9-cp311-cp311-manylinux2014_x86_64.manylinux_2_17_x86_64.whl (1.4 MB)
2025-08-16T13:16:01.7486773Z    â”â”â”â”â”â”â”â”â”â”â”â”â”â”â”â”â”â”â”â”â”â”â”â”â”â”â”â”â”â”â”â”â”â”â”â”â”â”â”â” 1.4/1.4 MB 168.3 MB/s  0:00:00
2025-08-16T13:16:01.7517237Z Downloading pillow-11.3.0-cp311-cp311-manylinux_2_27_x86_64.manylinux_2_28_x86_64.whl (6.6 MB)
2025-08-16T13:16:01.7903820Z    â”â”â”â”â”â”â”â”â”â”â”â”â”â”â”â”â”â”â”â”â”â”â”â”â”â”â”â”â”â”â”â”â”â”â”â”â”â”â”â” 6.6/6.6 MB 188.5 MB/s  0:00:00
2025-08-16T13:16:01.7932221Z Downloading pyparsing-3.2.3-py3-none-any.whl (111 kB)
2025-08-16T13:16:01.7984487Z Downloading tenacity-9.1.2-py3-none-any.whl (28 kB)
2025-08-16T13:16:01.8044214Z Downloading vnstock_ezchart-0.0.2-py3-none-any.whl (14 kB)
2025-08-16T13:16:01.8090056Z Downloading squarify-0.4.4-py3-none-any.whl (4.1 kB)
2025-08-16T13:16:01.8144539Z Downloading wordcloud-1.9.4-cp311-cp311-manylinux_2_17_x86_64.manylinux2014_x86_64.whl (547 kB)
2025-08-16T13:16:01.8215485Z    â”â”â”â”â”â”â”â”â”â”â”â”â”â”â”â”â”â”â”â”â”â”â”â”â”â”â”â”â”â”â”â”â”â”â”â”â”â”â”â” 547.9/547.9 kB 89.0 MB/s  0:00:00
2025-08-16T13:16:01.9188125Z Building wheels for collected packages: multitasking, peewee
2025-08-16T13:16:01.9196360Z   Building wheel for multitasking (pyproject.toml): started
2025-08-16T13:16:02.1063052Z   Building wheel for multitasking (pyproject.toml): finished with status 'done'
2025-08-16T13:16:02.1069830Z   Created wheel for multitasking: filename=multitasking-0.0.12-py3-none-any.whl size=15636 sha256=18614af373628e57c058a66cf243e96ef79efccd61c836c5b47a9f37c98bafae
2025-08-16T13:16:02.1071925Z   Stored in directory: /home/runner/.cache/pip/wheels/42/d6/84/bf57a755f4569494cd00de4bb46ef064874823f4d19c82e960
2025-08-16T13:16:02.1101746Z   Building wheel for peewee (pyproject.toml): started
2025-08-16T13:16:14.0767341Z   Building wheel for peewee (pyproject.toml): finished with status 'done'
2025-08-16T13:16:14.0781199Z   Created wheel for peewee: filename=peewee-3.18.2-cp311-cp311-linux_x86_64.whl size=1064024 sha256=35868edeb20560852c0d0e23ca40e2d749629a58818ca97d9b576610ce49ea9f
2025-08-16T13:16:14.0782739Z   Stored in directory: /home/runner/.cache/pip/wheels/28/84/61/758d1bd7b9c9d700158c8642a8aff2a9bf2e1ae69641c40784
2025-08-16T13:16:14.0803152Z Successfully built multitasking peewee
2025-08-16T13:16:14.1867453Z Installing collected packages: squarify, pytz, peewee, multitasking, zipp, websockets, urllib3, tzdata, typing-extensions, tenacity, soupsieve, six, pyparsing, pycparser, psutil, protobuf, platformdirs, pillow, packaging, numpy, kiwisolver, idna, frozendict, fonttools, fake_useragent, et-xmlfile, cycler, click, charset_normalizer, certifi, annotated-types, typing-inspection, requests, python-dateutil, pydantic-core, openpyxl, importlib-metadata, contourpy, cffi, beautifulsoup4, vnai, pydantic, pandas, matplotlib, curl_cffi, yfinance, wordcloud, seaborn, vnstock_ezchart, vnstock
2025-08-16T13:16:24.8876622Z 
2025-08-16T13:16:24.8905773Z Successfully installed annotated-types-0.7.0 beautifulsoup4-4.13.4 certifi-2025.8.3 cffi-1.17.1 charset_normalizer-3.4.3 click-8.2.1 contourpy-1.3.3 curl_cffi-0.13.0 cycler-0.12.1 et-xmlfile-2.0.0 fake_useragent-2.2.0 fonttools-4.59.1 frozendict-2.4.6 idna-3.10 importlib-metadata-8.7.0 kiwisolver-1.4.9 matplotlib-3.10.5 multitasking-0.0.12 numpy-2.3.2 openpyxl-3.1.5 packaging-25.0 pandas-2.3.1 peewee-3.18.2 pillow-11.3.0 platformdirs-4.3.8 protobuf-6.32.0 psutil-7.0.0 pycparser-2.22 pydantic-2.11.7 pydantic-core-2.33.2 pyparsing-3.2.3 python-dateutil-2.9.0.post0 pytz-2025.2 requests-2.32.4 seaborn-0.13.2 six-1.17.0 soupsieve-2.7 squarify-0.4.4 tenacity-9.1.2 typing-extensions-4.14.1 typing-inspection-0.4.1 tzdata-2025.2 urllib3-2.5.0 vnai-2.1.9 vnstock-3.2.6 vnstock_ezchart-0.0.2 websockets-15.0.1 wordcloud-1.9.4 yfinance-0.2.65 zipp-3.23.0
2025-08-16T13:16:25.2730964Z ##[group]Run python bot.py
2025-08-16T13:16:25.2731232Z [36;1mpython bot.py[0m
2025-08-16T13:16:25.2773743Z shell: /usr/bin/bash -e {0}
2025-08-16T13:16:25.2773991Z env:
2025-08-16T13:16:25.2774265Z   pythonLocation: /opt/hostedtoolcache/Python/3.11.13/x64
2025-08-16T13:16:25.2774704Z   PKG_CONFIG_PATH: /opt/hostedtoolcache/Python/3.11.13/x64/lib/pkgconfig
2025-08-16T13:16:25.2775131Z   Python_ROOT_DIR: /opt/hostedtoolcache/Python/3.11.13/x64
2025-08-16T13:16:25.2775502Z   Python2_ROOT_DIR: /opt/hostedtoolcache/Python/3.11.13/x64
2025-08-16T13:16:25.2775876Z   Python3_ROOT_DIR: /opt/hostedtoolcache/Python/3.11.13/x64
2025-08-16T13:16:25.2776257Z   LD_LIBRARY_PATH: /opt/hostedtoolcache/Python/3.11.13/x64/lib
2025-08-16T13:16:25.2776851Z   BOT_TOKEN: ***
2025-08-16T13:16:25.2777075Z   CHAT_ID: ***
2025-08-16T13:16:25.2777272Z ##[endgroup]
2025-08-16T13:16:33.1359097Z [DEBUG] vnstock index fetch failed: vnstock.index not found
2025-08-16T13:16:33.1360242Z [DEBUG] Failed building line for MBB: vnstock.quote not found
2025-08-16T13:16:33.1361026Z [DEBUG] Failed building line for HPG: vnstock.quote not found
2025-08-16T13:16:33.1361808Z [DEBUG] Failed building line for SSI: vnstock.quote not found
2025-08-16T13:16:33.1362621Z [DEBUG] Failed building line for PVP: vnstock.quote not found
2025-08-16T13:16:33.1363396Z [DEBUG] Failed building line for KSB: vnstock.quote not found
2025-08-16T13:16:33.1364163Z [DEBUG] Failed building line for QTP: vnstock.quote not found
2025-08-16T13:16:33.1364798Z === Report preview ===
2025-08-16T13:16:33.1367719Z ğŸ“Š BÃ¡o cÃ¡o thá»‹ trÆ°á»ng â€” 2025-08-16 13:16:33
2025-08-16T13:16:33.1368192Z ğŸ“ˆ VN-Index: â€” (lá»—i dá»¯ liá»‡u)
2025-08-16T13:16:33.1368373Z 
2025-08-16T13:16:33.1368490Z ğŸ“Œ Chi tiáº¿t mÃ£:
2025-08-16T13:16:33.1368747Z MBB: â€” (lá»—i dá»¯ liá»‡u)
2025-08-16T13:16:33.1369008Z HPG: â€” (lá»—i dá»¯ liá»‡u)
2025-08-16T13:16:33.1369471Z SSI: â€” (lá»—i dá»¯ liá»‡u)
2025-08-16T13:16:33.1369727Z PVP: â€” (lá»—i dá»¯ liá»‡u)
2025-08-16T13:16:33.1369988Z KSB: â€” (lá»—i dá»¯ liá»‡u)
2025-08-16T13:16:33.1370267Z QTP: â€” (lá»—i dá»¯ liá»‡u)
2025-08-16T13:16:33.1370412Z 
2025-08-16T13:16:33.1370516Z âš ï¸ Alerts:
2025-08-16T13:16:33.1370632Z 
2025-08-16T13:16:33.1370850Z (Thá»i gian bÃ¡o cÃ¡o: 2025-08-16 13:16:33) - Bot_vnstock
2025-08-16T13:16:33.1371488Z [DEBUG] Preparing to send to Telegram. CHAT_ID=***, TOKEN=***JaLanQ
2025-08-16T13:16:33.1371898Z [DEBUG] Sending chunk 1/1 (len=280) ...
2025-08-16T13:16:33.8326322Z [DEBUG] Telegram response: 200 {"ok":true,"result":{"message_id":12,"from":{"id":8105560161,"is_bot":true,"first_name":"VNStockUpdateBot","username":"VNStockUpdateBot"},"chat":{"id":***,"first_name":"T\u00edn","last_name":"Nguy\u1ec5n","type":"private"},"date":1755350193,"text":"\ud83d\udcca B\u00e1o c\u00e1o th\u1ecb tr\u01b0\u1eddng \u2014 2025-08-16 13:16:33\n\ud83d\udcc8 VN-Index: \u2014 (l\u1ed7i d\u1eef li\u1ec7u)\n\n\ud83d\udccc Chi ti\u1ebft m\u00e3:\nMBB: \u2014 (l\u1ed7i d\u1eef li\u1ec7u)\nHPG: \u2014 (l\u1e
2025-08-16T13:16:33.8329657Z [DEBUG] Report sent to Telegram (or attempted).
2025-08-16T13:16:33.9562439Z Post job cleanup.
2025-08-16T13:16:34.1175882Z Post job cleanup.
2025-08-16T13:16:34.2099050Z [command]/usr/bin/git version
2025-08-16T13:16:34.2134030Z git version 2.50.1
2025-08-16T13:16:34.2175743Z Temporarily overriding HOME='/home/runner/work/_temp/158e8dc8-e37e-4acc-8d4a-71d97cb7cb8d' before making global git config changes
2025-08-16T13:16:34.2177101Z Adding repository directory to the temporary git global config as a safe directory
2025-08-16T13:16:34.2181550Z [command]/usr/bin/git config --global --add safe.directory /home/runner/work/Telegram_bot_update1/Telegram_bot_update1
2025-08-16T13:16:34.2215656Z [command]/usr/bin/git config --local --name-only --get-regexp core\.sshCommand
2025-08-16T13:16:34.2246909Z [command]/usr/bin/git submodule foreach --recursive sh -c "git config --local --name-only --get-regexp 'core\.sshCommand' && git config --local --unset-all 'core.sshCommand' || :"
2025-08-16T13:16:34.2473360Z [command]/usr/bin/git config --local --name-only --get-regexp http\.https\:\/\/github\.com\/\.extraheader
2025-08-16T13:16:34.2493161Z http.https://github.com/.extraheader
2025-08-16T13:16:34.2507368Z [command]/usr/bin/git config --local --unset-all http.https://github.com/.extraheader
2025-08-16T13:16:34.2545916Z [command]/usr/bin/git submodule foreach --recursive sh -c "git config --local --name-only --get-regexp 'http\.https\:\/\/github\.com\/\.extraheader' && git config --local --unset-all 'http.https://github.com/.extraheader' || :"
2025-08-16T13:16:34.2894189Z Cleaning up orphan processes





next run

2025-08-16T13:29:41.7185566Z Current runner version: '2.327.1'
2025-08-16T13:29:41.7224102Z ##[group]Runner Image Provisioner
2025-08-16T13:29:41.7224938Z Hosted Compute Agent
2025-08-16T13:29:41.7225578Z Version: 20250812.370
2025-08-16T13:29:41.7226234Z Commit: 4a2b2bf7520004e3e907c2150c8cabe342a3da32
2025-08-16T13:29:41.7226925Z Build Date: 2025-08-12T16:08:14Z
2025-08-16T13:29:41.7227566Z ##[endgroup]
2025-08-16T13:29:41.7228125Z ##[group]Operating System
2025-08-16T13:29:41.7228655Z Ubuntu
2025-08-16T13:29:41.7229166Z 24.04.2
2025-08-16T13:29:41.7229636Z LTS
2025-08-16T13:29:41.7230081Z ##[endgroup]
2025-08-16T13:29:41.7230646Z ##[group]Runner Image
2025-08-16T13:29:41.7231201Z Image: ubuntu-24.04
2025-08-16T13:29:41.7231707Z Version: 20250810.1.0
2025-08-16T13:29:41.7232774Z Included Software: https://github.com/actions/runner-images/blob/ubuntu24/20250810.1/images/ubuntu/Ubuntu2404-Readme.md
2025-08-16T13:29:41.7234738Z Image Release: https://github.com/actions/runner-images/releases/tag/ubuntu24%2F20250810.1
2025-08-16T13:29:41.7235911Z ##[endgroup]
2025-08-16T13:29:41.7236999Z ##[group]GITHUB_TOKEN Permissions
2025-08-16T13:29:41.7239284Z Contents: read
2025-08-16T13:29:41.7239823Z Metadata: read
2025-08-16T13:29:41.7240334Z Packages: read
2025-08-16T13:29:41.7240945Z ##[endgroup]
2025-08-16T13:29:41.7243095Z Secret source: Actions
2025-08-16T13:29:41.7244409Z Prepare workflow directory
2025-08-16T13:29:41.7587839Z Prepare all required actions
2025-08-16T13:29:41.7627302Z Getting action download info
2025-08-16T13:29:42.0187370Z Download action repository 'actions/checkout@v4' (SHA:08eba0b27e820071cde6df949e0beb9ba4906955)
2025-08-16T13:29:42.2412336Z Download action repository 'actions/setup-python@v4' (SHA:7f4fc3e22c37d6ff65e88745f38bd3157c663f7c)
2025-08-16T13:29:42.6335004Z Complete job name: send
2025-08-16T13:29:42.7142268Z ##[group]Run actions/checkout@v4
2025-08-16T13:29:42.7143477Z with:
2025-08-16T13:29:42.7144400Z   repository: Alvic-maker/Telegram_bot_update1
2025-08-16T13:29:42.7145515Z   token: ***
2025-08-16T13:29:42.7146017Z   ssh-strict: true
2025-08-16T13:29:42.7146509Z   ssh-user: git
2025-08-16T13:29:42.7147025Z   persist-credentials: true
2025-08-16T13:29:42.7147638Z   clean: true
2025-08-16T13:29:42.7148148Z   sparse-checkout-cone-mode: true
2025-08-16T13:29:42.7148835Z   fetch-depth: 1
2025-08-16T13:29:42.7149321Z   fetch-tags: false
2025-08-16T13:29:42.7149858Z   show-progress: true
2025-08-16T13:29:42.7150495Z   lfs: false
2025-08-16T13:29:42.7151036Z   submodules: false
2025-08-16T13:29:42.7151568Z   set-safe-directory: true
2025-08-16T13:29:42.7152760Z ##[endgroup]
2025-08-16T13:29:42.8422055Z Syncing repository: Alvic-maker/Telegram_bot_update1
2025-08-16T13:29:42.8425227Z ##[group]Getting Git version info
2025-08-16T13:29:42.8426796Z Working directory is '/home/runner/work/Telegram_bot_update1/Telegram_bot_update1'
2025-08-16T13:29:42.8428720Z [command]/usr/bin/git version
2025-08-16T13:29:42.8446081Z git version 2.50.1
2025-08-16T13:29:42.8473790Z ##[endgroup]
2025-08-16T13:29:42.8489790Z Temporarily overriding HOME='/home/runner/work/_temp/dd536489-bc22-4567-a3d9-a1913d52696f' before making global git config changes
2025-08-16T13:29:42.8492586Z Adding repository directory to the temporary git global config as a safe directory
2025-08-16T13:29:42.8503517Z [command]/usr/bin/git config --global --add safe.directory /home/runner/work/Telegram_bot_update1/Telegram_bot_update1
2025-08-16T13:29:42.8544825Z Deleting the contents of '/home/runner/work/Telegram_bot_update1/Telegram_bot_update1'
2025-08-16T13:29:42.8548288Z ##[group]Initializing the repository
2025-08-16T13:29:42.8552936Z [command]/usr/bin/git init /home/runner/work/Telegram_bot_update1/Telegram_bot_update1
2025-08-16T13:29:42.8611575Z hint: Using 'master' as the name for the initial branch. This default branch name
2025-08-16T13:29:42.8614535Z hint: is subject to change. To configure the initial branch name to use in all
2025-08-16T13:29:42.8616106Z hint: of your new repositories, which will suppress this warning, call:
2025-08-16T13:29:42.8617202Z hint:
2025-08-16T13:29:42.8618201Z hint: 	git config --global init.defaultBranch <name>
2025-08-16T13:29:42.8619935Z hint:
2025-08-16T13:29:42.8620791Z hint: Names commonly chosen instead of 'master' are 'main', 'trunk' and
2025-08-16T13:29:42.8622333Z hint: 'development'. The just-created branch can be renamed via this command:
2025-08-16T13:29:42.8623712Z hint:
2025-08-16T13:29:42.8624174Z hint: 	git branch -m <name>
2025-08-16T13:29:42.8624988Z hint:
2025-08-16T13:29:42.8626065Z hint: Disable this message with "git config set advice.defaultBranchName false"
2025-08-16T13:29:42.8628012Z Initialized empty Git repository in /home/runner/work/Telegram_bot_update1/Telegram_bot_update1/.git/
2025-08-16T13:29:42.8631036Z [command]/usr/bin/git remote add origin https://github.com/Alvic-maker/Telegram_bot_update1
2025-08-16T13:29:42.8662390Z ##[endgroup]
2025-08-16T13:29:42.8663959Z ##[group]Disabling automatic garbage collection
2025-08-16T13:29:42.8666587Z [command]/usr/bin/git config --local gc.auto 0
2025-08-16T13:29:42.8698540Z ##[endgroup]
2025-08-16T13:29:42.8699431Z ##[group]Setting up auth
2025-08-16T13:29:42.8706117Z [command]/usr/bin/git config --local --name-only --get-regexp core\.sshCommand
2025-08-16T13:29:42.8737785Z [command]/usr/bin/git submodule foreach --recursive sh -c "git config --local --name-only --get-regexp 'core\.sshCommand' && git config --local --unset-all 'core.sshCommand' || :"
2025-08-16T13:29:42.9000350Z [command]/usr/bin/git config --local --name-only --get-regexp http\.https\:\/\/github\.com\/\.extraheader
2025-08-16T13:29:42.9033356Z [command]/usr/bin/git submodule foreach --recursive sh -c "git config --local --name-only --get-regexp 'http\.https\:\/\/github\.com\/\.extraheader' && git config --local --unset-all 'http.https://github.com/.extraheader' || :"
2025-08-16T13:29:42.9274237Z [command]/usr/bin/git config --local http.https://github.com/.extraheader AUTHORIZATION: basic ***
2025-08-16T13:29:42.9315118Z ##[endgroup]
2025-08-16T13:29:42.9316195Z ##[group]Fetching the repository
2025-08-16T13:29:42.9325074Z [command]/usr/bin/git -c protocol.version=2 fetch --no-tags --prune --no-recurse-submodules --depth=1 origin +1f785d5287235b68506a12e3d58a1c8f603619d1:refs/remotes/origin/main
2025-08-16T13:29:43.0934300Z From https://github.com/Alvic-maker/Telegram_bot_update1
2025-08-16T13:29:43.0936477Z  * [new ref]         1f785d5287235b68506a12e3d58a1c8f603619d1 -> origin/main
2025-08-16T13:29:43.0965063Z ##[endgroup]
2025-08-16T13:29:43.0966942Z ##[group]Determining the checkout info
2025-08-16T13:29:43.0969173Z ##[endgroup]
2025-08-16T13:29:43.0972230Z [command]/usr/bin/git sparse-checkout disable
2025-08-16T13:29:43.1012891Z [command]/usr/bin/git config --local --unset-all extensions.worktreeConfig
2025-08-16T13:29:43.1044170Z ##[group]Checking out the ref
2025-08-16T13:29:43.1048843Z [command]/usr/bin/git checkout --progress --force -B main refs/remotes/origin/main
2025-08-16T13:29:43.1090382Z Switched to a new branch 'main'
2025-08-16T13:29:43.1092600Z branch 'main' set up to track 'origin/main'.
2025-08-16T13:29:43.1099815Z ##[endgroup]
2025-08-16T13:29:43.1134021Z [command]/usr/bin/git log -1 --format=%H
2025-08-16T13:29:43.1156188Z 1f785d5287235b68506a12e3d58a1c8f603619d1
2025-08-16T13:29:43.1452143Z ##[group]Run actions/setup-python@v4
2025-08-16T13:29:43.1453457Z with:
2025-08-16T13:29:43.1454286Z   python-version: 3.11
2025-08-16T13:29:43.1455209Z   check-latest: false
2025-08-16T13:29:43.1456361Z   token: ***
2025-08-16T13:29:43.1457229Z   update-environment: true
2025-08-16T13:29:43.1458222Z   allow-prereleases: false
2025-08-16T13:29:43.1459164Z ##[endgroup]
2025-08-16T13:29:43.3217286Z ##[group]Installed versions
2025-08-16T13:29:43.3329722Z Successfully set up CPython (3.11.13)
2025-08-16T13:29:43.3332448Z ##[endgroup]
2025-08-16T13:29:43.3488894Z ##[group]Run python -m pip install --upgrade pip
2025-08-16T13:29:43.3490601Z [36;1mpython -m pip install --upgrade pip[0m
2025-08-16T13:29:43.3491857Z [36;1mpip install -r requirements.txt[0m
2025-08-16T13:29:43.3655064Z shell: /usr/bin/bash -e {0}
2025-08-16T13:29:43.3656719Z env:
2025-08-16T13:29:43.3658165Z   pythonLocation: /opt/hostedtoolcache/Python/3.11.13/x64
2025-08-16T13:29:43.3660578Z   PKG_CONFIG_PATH: /opt/hostedtoolcache/Python/3.11.13/x64/lib/pkgconfig
2025-08-16T13:29:43.3662710Z   Python_ROOT_DIR: /opt/hostedtoolcache/Python/3.11.13/x64
2025-08-16T13:29:43.3664911Z   Python2_ROOT_DIR: /opt/hostedtoolcache/Python/3.11.13/x64
2025-08-16T13:29:43.3666832Z   Python3_ROOT_DIR: /opt/hostedtoolcache/Python/3.11.13/x64
2025-08-16T13:29:43.3668775Z   LD_LIBRARY_PATH: /opt/hostedtoolcache/Python/3.11.13/x64/lib
2025-08-16T13:29:43.3670431Z ##[endgroup]
2025-08-16T13:29:46.1656150Z Requirement already satisfied: pip in /opt/hostedtoolcache/Python/3.11.13/x64/lib/python3.11/site-packages (25.2)
2025-08-16T13:29:46.7850987Z Collecting yfinance (from -r requirements.txt (line 1))
2025-08-16T13:29:46.8270662Z   Downloading yfinance-0.2.65-py2.py3-none-any.whl.metadata (5.8 kB)
2025-08-16T13:29:46.8587283Z Collecting requests (from -r requirements.txt (line 2))
2025-08-16T13:29:46.8639139Z   Downloading requests-2.32.4-py3-none-any.whl.metadata (4.9 kB)
2025-08-16T13:29:46.9814441Z Collecting pandas (from -r requirements.txt (line 3))
2025-08-16T13:29:46.9854072Z   Downloading pandas-2.3.1-cp311-cp311-manylinux_2_17_x86_64.manylinux2014_x86_64.whl.metadata (91 kB)
2025-08-16T13:29:47.0465721Z Collecting vnstock (from -r requirements.txt (line 4))
2025-08-16T13:29:47.0509894Z   Downloading vnstock-3.2.6-py3-none-any.whl.metadata (42 kB)
2025-08-16T13:29:47.2264227Z Collecting numpy>=1.16.5 (from yfinance->-r requirements.txt (line 1))
2025-08-16T13:29:47.2304161Z   Downloading numpy-2.3.2-cp311-cp311-manylinux_2_27_x86_64.manylinux_2_28_x86_64.whl.metadata (62 kB)
2025-08-16T13:29:47.2579853Z Collecting multitasking>=0.0.7 (from yfinance->-r requirements.txt (line 1))
2025-08-16T13:29:47.2616013Z   Downloading multitasking-0.0.12.tar.gz (19 kB)
2025-08-16T13:29:47.2745032Z   Installing build dependencies: started
2025-08-16T13:29:48.0630742Z   Installing build dependencies: finished with status 'done'
2025-08-16T13:29:48.0635468Z   Getting requirements to build wheel: started
2025-08-16T13:29:48.5627789Z   Getting requirements to build wheel: finished with status 'done'
2025-08-16T13:29:48.5636525Z   Preparing metadata (pyproject.toml): started
2025-08-16T13:29:48.7641732Z   Preparing metadata (pyproject.toml): finished with status 'done'
2025-08-16T13:29:48.7827493Z Collecting platformdirs>=2.0.0 (from yfinance->-r requirements.txt (line 1))
2025-08-16T13:29:48.7862557Z   Downloading platformdirs-4.3.8-py3-none-any.whl.metadata (12 kB)
2025-08-16T13:29:48.8230171Z Collecting pytz>=2022.5 (from yfinance->-r requirements.txt (line 1))
2025-08-16T13:29:48.8283989Z   Downloading pytz-2025.2-py2.py3-none-any.whl.metadata (22 kB)
2025-08-16T13:29:48.8695506Z Collecting frozendict>=2.3.4 (from yfinance->-r requirements.txt (line 1))
2025-08-16T13:29:48.8739765Z   Downloading frozendict-2.4.6-py311-none-any.whl.metadata (23 kB)
2025-08-16T13:29:48.8952618Z Collecting peewee>=3.16.2 (from yfinance->-r requirements.txt (line 1))
2025-08-16T13:29:48.8991098Z   Downloading peewee-3.18.2.tar.gz (949 kB)
2025-08-16T13:29:48.9098365Z      â”â”â”â”â”â”â”â”â”â”â”â”â”â”â”â”â”â”â”â”â”â”â”â”â”â”â”â”â”â”â”â”â”â”â”â”â”â”â”â” 949.2/949.2 kB 114.5 MB/s  0:00:00
2025-08-16T13:29:48.9712034Z   Installing build dependencies: started
2025-08-16T13:29:49.7532174Z   Installing build dependencies: finished with status 'done'
2025-08-16T13:29:49.7536537Z   Getting requirements to build wheel: started
2025-08-16T13:29:50.8582092Z   Getting requirements to build wheel: finished with status 'done'
2025-08-16T13:29:50.8590344Z   Preparing metadata (pyproject.toml): started
2025-08-16T13:29:51.0670039Z   Preparing metadata (pyproject.toml): finished with status 'done'
2025-08-16T13:29:51.0826567Z Collecting beautifulsoup4>=4.11.1 (from yfinance->-r requirements.txt (line 1))
2025-08-16T13:29:51.0862605Z   Downloading beautifulsoup4-4.13.4-py3-none-any.whl.metadata (3.8 kB)
2025-08-16T13:29:51.1318995Z Collecting curl_cffi>=0.7 (from yfinance->-r requirements.txt (line 1))
2025-08-16T13:29:51.1359045Z   Downloading curl_cffi-0.13.0-cp39-abi3-manylinux_2_17_x86_64.manylinux2014_x86_64.whl.metadata (13 kB)
2025-08-16T13:29:51.3154506Z Collecting protobuf>=3.19.0 (from yfinance->-r requirements.txt (line 1))
2025-08-16T13:29:51.3193703Z   Downloading protobuf-6.32.0-cp39-abi3-manylinux2014_x86_64.whl.metadata (593 bytes)
2025-08-16T13:29:51.5227192Z Collecting websockets>=13.0 (from yfinance->-r requirements.txt (line 1))
2025-08-16T13:29:51.5270111Z   Downloading websockets-15.0.1-cp311-cp311-manylinux_2_5_x86_64.manylinux1_x86_64.manylinux_2_17_x86_64.manylinux2014_x86_64.whl.metadata (6.8 kB)
2025-08-16T13:29:51.6064863Z Collecting charset_normalizer<4,>=2 (from requests->-r requirements.txt (line 2))
2025-08-16T13:29:51.6117149Z   Downloading charset_normalizer-3.4.3-cp311-cp311-manylinux2014_x86_64.manylinux_2_17_x86_64.manylinux_2_28_x86_64.whl.metadata (36 kB)
2025-08-16T13:29:51.6278769Z Collecting idna<4,>=2.5 (from requests->-r requirements.txt (line 2))
2025-08-16T13:29:51.6313487Z   Downloading idna-3.10-py3-none-any.whl.metadata (10 kB)
2025-08-16T13:29:51.6601386Z Collecting urllib3<3,>=1.21.1 (from requests->-r requirements.txt (line 2))
2025-08-16T13:29:51.6637352Z   Downloading urllib3-2.5.0-py3-none-any.whl.metadata (6.5 kB)
2025-08-16T13:29:51.6851259Z Collecting certifi>=2017.4.17 (from requests->-r requirements.txt (line 2))
2025-08-16T13:29:51.6886061Z   Downloading certifi-2025.8.3-py3-none-any.whl.metadata (2.4 kB)
2025-08-16T13:29:51.7132646Z Collecting python-dateutil>=2.8.2 (from pandas->-r requirements.txt (line 3))
2025-08-16T13:29:51.7165818Z   Downloading python_dateutil-2.9.0.post0-py2.py3-none-any.whl.metadata (8.4 kB)
2025-08-16T13:29:51.7361104Z Collecting tzdata>=2022.7 (from pandas->-r requirements.txt (line 3))
2025-08-16T13:29:51.7407144Z   Downloading tzdata-2025.2-py2.py3-none-any.whl.metadata (1.4 kB)
2025-08-16T13:29:51.7547695Z Collecting seaborn (from vnstock->-r requirements.txt (line 4))
2025-08-16T13:29:51.7581246Z   Downloading seaborn-0.13.2-py3-none-any.whl.metadata (5.4 kB)
2025-08-16T13:29:51.7761084Z Collecting openpyxl (from vnstock->-r requirements.txt (line 4))
2025-08-16T13:29:51.7794772Z   Downloading openpyxl-3.1.5-py2.py3-none-any.whl.metadata (2.5 kB)
2025-08-16T13:29:51.8874899Z Collecting pydantic (from vnstock->-r requirements.txt (line 4))
2025-08-16T13:29:51.8911562Z   Downloading pydantic-2.11.7-py3-none-any.whl.metadata (67 kB)
2025-08-16T13:29:51.9867419Z Collecting psutil (from vnstock->-r requirements.txt (line 4))
2025-08-16T13:29:51.9923948Z   Downloading psutil-7.0.0-cp36-abi3-manylinux_2_12_x86_64.manylinux2010_x86_64.manylinux_2_17_x86_64.manylinux2014_x86_64.whl.metadata (22 kB)
2025-08-16T13:29:52.0091299Z Collecting fake_useragent (from vnstock->-r requirements.txt (line 4))
2025-08-16T13:29:52.0124102Z   Downloading fake_useragent-2.2.0-py3-none-any.whl.metadata (17 kB)
2025-08-16T13:29:52.0242223Z Collecting vnstock_ezchart (from vnstock->-r requirements.txt (line 4))
2025-08-16T13:29:52.0287756Z   Downloading vnstock_ezchart-0.0.2-py3-none-any.whl.metadata (6.6 kB)
2025-08-16T13:29:52.0465464Z Collecting click (from vnstock->-r requirements.txt (line 4))
2025-08-16T13:29:52.0499825Z   Downloading click-8.2.1-py3-none-any.whl.metadata (2.5 kB)
2025-08-16T13:29:52.0674492Z Collecting packaging>=20.0 (from vnstock->-r requirements.txt (line 4))
2025-08-16T13:29:52.0707194Z   Downloading packaging-25.0-py3-none-any.whl.metadata (3.3 kB)
2025-08-16T13:29:52.1037883Z Collecting importlib-metadata>=1.0 (from vnstock->-r requirements.txt (line 4))
2025-08-16T13:29:52.1071512Z   Downloading importlib_metadata-8.7.0-py3-none-any.whl.metadata (4.8 kB)
2025-08-16T13:29:52.1272367Z Collecting tenacity (from vnstock->-r requirements.txt (line 4))
2025-08-16T13:29:52.1309147Z   Downloading tenacity-9.1.2-py3-none-any.whl.metadata (1.2 kB)
2025-08-16T13:29:52.1427131Z Collecting vnai>=2.0.3 (from vnstock->-r requirements.txt (line 4))
2025-08-16T13:29:52.1475367Z   Downloading vnai-2.1.9-py3-none-any.whl.metadata (662 bytes)
2025-08-16T13:29:52.1646056Z Collecting soupsieve>1.2 (from beautifulsoup4>=4.11.1->yfinance->-r requirements.txt (line 1))
2025-08-16T13:29:52.1684023Z   Downloading soupsieve-2.7-py3-none-any.whl.metadata (4.6 kB)
2025-08-16T13:29:52.1855432Z Collecting typing-extensions>=4.0.0 (from beautifulsoup4>=4.11.1->yfinance->-r requirements.txt (line 1))
2025-08-16T13:29:52.1890365Z   Downloading typing_extensions-4.14.1-py3-none-any.whl.metadata (3.0 kB)
2025-08-16T13:29:52.2875299Z Collecting cffi>=1.12.0 (from curl_cffi>=0.7->yfinance->-r requirements.txt (line 1))
2025-08-16T13:29:52.2912297Z   Downloading cffi-1.17.1-cp311-cp311-manylinux_2_17_x86_64.manylinux2014_x86_64.whl.metadata (1.5 kB)
2025-08-16T13:29:52.3077592Z Collecting pycparser (from cffi>=1.12.0->curl_cffi>=0.7->yfinance->-r requirements.txt (line 1))
2025-08-16T13:29:52.3117688Z   Downloading pycparser-2.22-py3-none-any.whl.metadata (943 bytes)
2025-08-16T13:29:52.3309202Z Collecting zipp>=3.20 (from importlib-metadata>=1.0->vnstock->-r requirements.txt (line 4))
2025-08-16T13:29:52.3341720Z   Downloading zipp-3.23.0-py3-none-any.whl.metadata (3.6 kB)
2025-08-16T13:29:52.3520581Z Collecting six>=1.5 (from python-dateutil>=2.8.2->pandas->-r requirements.txt (line 3))
2025-08-16T13:29:52.3553955Z   Downloading six-1.17.0-py2.py3-none-any.whl.metadata (1.7 kB)
2025-08-16T13:29:52.3832335Z Collecting et-xmlfile (from openpyxl->vnstock->-r requirements.txt (line 4))
2025-08-16T13:29:52.3921193Z   Downloading et_xmlfile-2.0.0-py3-none-any.whl.metadata (2.7 kB)
2025-08-16T13:29:52.4055910Z Collecting annotated-types>=0.6.0 (from pydantic->vnstock->-r requirements.txt (line 4))
2025-08-16T13:29:52.4088721Z   Downloading annotated_types-0.7.0-py3-none-any.whl.metadata (15 kB)
2025-08-16T13:29:53.0510860Z Collecting pydantic-core==2.33.2 (from pydantic->vnstock->-r requirements.txt (line 4))
2025-08-16T13:29:53.0551053Z   Downloading pydantic_core-2.33.2-cp311-cp311-manylinux_2_17_x86_64.manylinux2014_x86_64.whl.metadata (6.8 kB)
2025-08-16T13:29:53.0686062Z Collecting typing-inspection>=0.4.0 (from pydantic->vnstock->-r requirements.txt (line 4))
2025-08-16T13:29:53.0720651Z   Downloading typing_inspection-0.4.1-py3-none-any.whl.metadata (2.6 kB)
2025-08-16T13:29:53.2804633Z Collecting matplotlib!=3.6.1,>=3.4 (from seaborn->vnstock->-r requirements.txt (line 4))
2025-08-16T13:29:53.2840756Z   Downloading matplotlib-3.10.5-cp311-cp311-manylinux2014_x86_64.manylinux_2_17_x86_64.whl.metadata (11 kB)
2025-08-16T13:29:53.3523371Z Collecting contourpy>=1.0.1 (from matplotlib!=3.6.1,>=3.4->seaborn->vnstock->-r requirements.txt (line 4))
2025-08-16T13:29:53.3568377Z   Downloading contourpy-1.3.3-cp311-cp311-manylinux_2_27_x86_64.manylinux_2_28_x86_64.whl.metadata (5.5 kB)
2025-08-16T13:29:53.3692126Z Collecting cycler>=0.10 (from matplotlib!=3.6.1,>=3.4->seaborn->vnstock->-r requirements.txt (line 4))
2025-08-16T13:29:53.3727088Z   Downloading cycler-0.12.1-py3-none-any.whl.metadata (3.8 kB)
2025-08-16T13:29:53.5098060Z Collecting fonttools>=4.22.0 (from matplotlib!=3.6.1,>=3.4->seaborn->vnstock->-r requirements.txt (line 4))
2025-08-16T13:29:53.5137217Z   Downloading fonttools-4.59.1-cp311-cp311-manylinux2014_x86_64.manylinux_2_17_x86_64.whl.metadata (108 kB)
2025-08-16T13:29:53.5850751Z Collecting kiwisolver>=1.3.1 (from matplotlib!=3.6.1,>=3.4->seaborn->vnstock->-r requirements.txt (line 4))
2025-08-16T13:29:53.5888942Z   Downloading kiwisolver-1.4.9-cp311-cp311-manylinux2014_x86_64.manylinux_2_17_x86_64.whl.metadata (6.3 kB)
2025-08-16T13:29:53.8280751Z Collecting pillow>=8 (from matplotlib!=3.6.1,>=3.4->seaborn->vnstock->-r requirements.txt (line 4))
2025-08-16T13:29:53.8319326Z   Downloading pillow-11.3.0-cp311-cp311-manylinux_2_27_x86_64.manylinux_2_28_x86_64.whl.metadata (9.0 kB)
2025-08-16T13:29:53.8602780Z Collecting pyparsing>=2.3.1 (from matplotlib!=3.6.1,>=3.4->seaborn->vnstock->-r requirements.txt (line 4))
2025-08-16T13:29:53.8637216Z   Downloading pyparsing-3.2.3-py3-none-any.whl.metadata (5.0 kB)
2025-08-16T13:29:53.9004764Z Collecting squarify (from vnstock_ezchart->vnstock->-r requirements.txt (line 4))
2025-08-16T13:29:53.9093609Z   Downloading squarify-0.4.4-py3-none-any.whl.metadata (600 bytes)
2025-08-16T13:29:53.9370477Z Collecting wordcloud (from vnstock_ezchart->vnstock->-r requirements.txt (line 4))
2025-08-16T13:29:53.9425895Z   Downloading wordcloud-1.9.4-cp311-cp311-manylinux_2_17_x86_64.manylinux2014_x86_64.whl.metadata (3.4 kB)
2025-08-16T13:29:53.9680031Z Downloading yfinance-0.2.65-py2.py3-none-any.whl (119 kB)
2025-08-16T13:29:53.9747022Z Downloading requests-2.32.4-py3-none-any.whl (64 kB)
2025-08-16T13:29:53.9803749Z Downloading charset_normalizer-3.4.3-cp311-cp311-manylinux2014_x86_64.manylinux_2_17_x86_64.manylinux_2_28_x86_64.whl (150 kB)
2025-08-16T13:29:53.9861097Z Downloading idna-3.10-py3-none-any.whl (70 kB)
2025-08-16T13:29:53.9921766Z Downloading urllib3-2.5.0-py3-none-any.whl (129 kB)
2025-08-16T13:29:53.9984191Z Downloading pandas-2.3.1-cp311-cp311-manylinux_2_17_x86_64.manylinux2014_x86_64.whl (12.4 MB)
2025-08-16T13:29:54.0889644Z    â”â”â”â”â”â”â”â”â”â”â”â”â”â”â”â”â”â”â”â”â”â”â”â”â”â”â”â”â”â”â”â”â”â”â”â”â”â”â”â” 12.4/12.4 MB 138.6 MB/s  0:00:00
2025-08-16T13:29:54.0946824Z Downloading vnstock-3.2.6-py3-none-any.whl (121 kB)
2025-08-16T13:29:54.1010725Z Downloading beautifulsoup4-4.13.4-py3-none-any.whl (187 kB)
2025-08-16T13:29:54.1079112Z Downloading certifi-2025.8.3-py3-none-any.whl (161 kB)
2025-08-16T13:29:54.1141828Z Downloading curl_cffi-0.13.0-cp39-abi3-manylinux_2_17_x86_64.manylinux2014_x86_64.whl (8.3 MB)
2025-08-16T13:29:54.1874695Z    â”â”â”â”â”â”â”â”â”â”â”â”â”â”â”â”â”â”â”â”â”â”â”â”â”â”â”â”â”â”â”â”â”â”â”â”â”â”â”â” 8.3/8.3 MB 116.2 MB/s  0:00:00
2025-08-16T13:29:54.1913784Z Downloading cffi-1.17.1-cp311-cp311-manylinux_2_17_x86_64.manylinux2014_x86_64.whl (467 kB)
2025-08-16T13:29:54.1988029Z Downloading frozendict-2.4.6-py311-none-any.whl (16 kB)
2025-08-16T13:29:54.2044004Z Downloading importlib_metadata-8.7.0-py3-none-any.whl (27 kB)
2025-08-16T13:29:54.2108902Z Downloading numpy-2.3.2-cp311-cp311-manylinux_2_27_x86_64.manylinux_2_28_x86_64.whl (16.9 MB)
2025-08-16T13:29:54.3013529Z    â”â”â”â”â”â”â”â”â”â”â”â”â”â”â”â”â”â”â”â”â”â”â”â”â”â”â”â”â”â”â”â”â”â”â”â”â”â”â”â” 16.9/16.9 MB 191.7 MB/s  0:00:00
2025-08-16T13:29:54.3051526Z Downloading packaging-25.0-py3-none-any.whl (66 kB)
2025-08-16T13:29:54.3113059Z Downloading platformdirs-4.3.8-py3-none-any.whl (18 kB)
2025-08-16T13:29:54.3179964Z Downloading protobuf-6.32.0-cp39-abi3-manylinux2014_x86_64.whl (322 kB)
2025-08-16T13:29:54.3248186Z Downloading python_dateutil-2.9.0.post0-py2.py3-none-any.whl (229 kB)
2025-08-16T13:29:54.3321835Z Downloading pytz-2025.2-py2.py3-none-any.whl (509 kB)
2025-08-16T13:29:54.3400390Z Downloading six-1.17.0-py2.py3-none-any.whl (11 kB)
2025-08-16T13:29:54.3453722Z Downloading soupsieve-2.7-py3-none-any.whl (36 kB)
2025-08-16T13:29:54.3525904Z Downloading typing_extensions-4.14.1-py3-none-any.whl (43 kB)
2025-08-16T13:29:54.3581872Z Downloading tzdata-2025.2-py2.py3-none-any.whl (347 kB)
2025-08-16T13:29:54.3665313Z Downloading vnai-2.1.9-py3-none-any.whl (25 kB)
2025-08-16T13:29:54.3722015Z Downloading psutil-7.0.0-cp36-abi3-manylinux_2_12_x86_64.manylinux2010_x86_64.manylinux_2_17_x86_64.manylinux2014_x86_64.whl (277 kB)
2025-08-16T13:29:54.3801236Z Downloading websockets-15.0.1-cp311-cp311-manylinux_2_5_x86_64.manylinux1_x86_64.manylinux_2_17_x86_64.manylinux2014_x86_64.whl (182 kB)
2025-08-16T13:29:54.3859268Z Downloading zipp-3.23.0-py3-none-any.whl (10 kB)
2025-08-16T13:29:54.3912992Z Downloading click-8.2.1-py3-none-any.whl (102 kB)
2025-08-16T13:29:54.3992398Z Downloading fake_useragent-2.2.0-py3-none-any.whl (161 kB)
2025-08-16T13:29:54.4057399Z Downloading openpyxl-3.1.5-py2.py3-none-any.whl (250 kB)
2025-08-16T13:29:54.4141840Z Downloading et_xmlfile-2.0.0-py3-none-any.whl (18 kB)
2025-08-16T13:29:54.4199238Z Downloading pycparser-2.22-py3-none-any.whl (117 kB)
2025-08-16T13:29:54.4255582Z Downloading pydantic-2.11.7-py3-none-any.whl (444 kB)
2025-08-16T13:29:54.4331018Z Downloading pydantic_core-2.33.2-cp311-cp311-manylinux_2_17_x86_64.manylinux2014_x86_64.whl (2.0 MB)
2025-08-16T13:29:54.4482330Z    â”â”â”â”â”â”â”â”â”â”â”â”â”â”â”â”â”â”â”â”â”â”â”â”â”â”â”â”â”â”â”â”â”â”â”â”â”â”â”â” 2.0/2.0 MB 149.0 MB/s  0:00:00
2025-08-16T13:29:54.4530487Z Downloading annotated_types-0.7.0-py3-none-any.whl (13 kB)
2025-08-16T13:29:54.4583395Z Downloading typing_inspection-0.4.1-py3-none-any.whl (14 kB)
2025-08-16T13:29:54.4639037Z Downloading seaborn-0.13.2-py3-none-any.whl (294 kB)
2025-08-16T13:29:54.4784417Z Downloading matplotlib-3.10.5-cp311-cp311-manylinux2014_x86_64.manylinux_2_17_x86_64.whl (8.7 MB)
2025-08-16T13:29:54.5362760Z    â”â”â”â”â”â”â”â”â”â”â”â”â”â”â”â”â”â”â”â”â”â”â”â”â”â”â”â”â”â”â”â”â”â”â”â”â”â”â”â” 8.7/8.7 MB 153.5 MB/s  0:00:00
2025-08-16T13:29:54.5402724Z Downloading contourpy-1.3.3-cp311-cp311-manylinux_2_27_x86_64.manylinux_2_28_x86_64.whl (355 kB)
2025-08-16T13:29:54.5595784Z Downloading cycler-0.12.1-py3-none-any.whl (8.3 kB)
2025-08-16T13:29:54.5663665Z Downloading fonttools-4.59.1-cp311-cp311-manylinux2014_x86_64.manylinux_2_17_x86_64.whl (5.0 MB)
2025-08-16T13:29:54.6204098Z    â”â”â”â”â”â”â”â”â”â”â”â”â”â”â”â”â”â”â”â”â”â”â”â”â”â”â”â”â”â”â”â”â”â”â”â”â”â”â”â” 5.0/5.0 MB 98.3 MB/s  0:00:00
2025-08-16T13:29:54.6243296Z Downloading kiwisolver-1.4.9-cp311-cp311-manylinux2014_x86_64.manylinux_2_17_x86_64.whl (1.4 MB)
2025-08-16T13:29:54.6439611Z    â”â”â”â”â”â”â”â”â”â”â”â”â”â”â”â”â”â”â”â”â”â”â”â”â”â”â”â”â”â”â”â”â”â”â”â”â”â”â”â” 1.4/1.4 MB 87.2 MB/s  0:00:00
2025-08-16T13:29:54.6473930Z Downloading pillow-11.3.0-cp311-cp311-manylinux_2_27_x86_64.manylinux_2_28_x86_64.whl (6.6 MB)
2025-08-16T13:29:54.6878104Z    â”â”â”â”â”â”â”â”â”â”â”â”â”â”â”â”â”â”â”â”â”â”â”â”â”â”â”â”â”â”â”â”â”â”â”â”â”â”â”â” 6.6/6.6 MB 168.1 MB/s  0:00:00
2025-08-16T13:29:54.6915555Z Downloading pyparsing-3.2.3-py3-none-any.whl (111 kB)
2025-08-16T13:29:54.6977176Z Downloading tenacity-9.1.2-py3-none-any.whl (28 kB)
2025-08-16T13:29:54.7057608Z Downloading vnstock_ezchart-0.0.2-py3-none-any.whl (14 kB)
2025-08-16T13:29:54.7120465Z Downloading squarify-0.4.4-py3-none-any.whl (4.1 kB)
2025-08-16T13:29:54.7183512Z Downloading wordcloud-1.9.4-cp311-cp311-manylinux_2_17_x86_64.manylinux2014_x86_64.whl (547 kB)
2025-08-16T13:29:54.7246882Z    â”â”â”â”â”â”â”â”â”â”â”â”â”â”â”â”â”â”â”â”â”â”â”â”â”â”â”â”â”â”â”â”â”â”â”â”â”â”â”â” 547.9/547.9 kB 84.4 MB/s  0:00:00
2025-08-16T13:29:54.8231453Z Building wheels for collected packages: multitasking, peewee
2025-08-16T13:29:54.8240019Z   Building wheel for multitasking (pyproject.toml): started
2025-08-16T13:29:55.0215587Z   Building wheel for multitasking (pyproject.toml): finished with status 'done'
2025-08-16T13:29:55.0222927Z   Created wheel for multitasking: filename=multitasking-0.0.12-py3-none-any.whl size=15636 sha256=89977daf43d9c305ce108d257c288b53edd02b6c91a0e52370dc934ad0f626ce
2025-08-16T13:29:55.0224894Z   Stored in directory: /home/runner/.cache/pip/wheels/42/d6/84/bf57a755f4569494cd00de4bb46ef064874823f4d19c82e960
2025-08-16T13:29:55.0258659Z   Building wheel for peewee (pyproject.toml): started
2025-08-16T13:30:07.3571265Z   Building wheel for peewee (pyproject.toml): finished with status 'done'
2025-08-16T13:30:07.3586374Z   Created wheel for peewee: filename=peewee-3.18.2-cp311-cp311-linux_x86_64.whl size=1064023 sha256=cd3baf142f4c05d03325795344ef8c60638b852ff9ea01fb4466a306a6b912f3
2025-08-16T13:30:07.3588790Z   Stored in directory: /home/runner/.cache/pip/wheels/28/84/61/758d1bd7b9c9d700158c8642a8aff2a9bf2e1ae69641c40784
2025-08-16T13:30:07.3608722Z Successfully built multitasking peewee
2025-08-16T13:30:07.4713564Z Installing collected packages: squarify, pytz, peewee, multitasking, zipp, websockets, urllib3, tzdata, typing-extensions, tenacity, soupsieve, six, pyparsing, pycparser, psutil, protobuf, platformdirs, pillow, packaging, numpy, kiwisolver, idna, frozendict, fonttools, fake_useragent, et-xmlfile, cycler, click, charset_normalizer, certifi, annotated-types, typing-inspection, requests, python-dateutil, pydantic-core, openpyxl, importlib-metadata, contourpy, cffi, beautifulsoup4, vnai, pydantic, pandas, matplotlib, curl_cffi, yfinance, wordcloud, seaborn, vnstock_ezchart, vnstock
2025-08-16T13:30:18.5712504Z 
2025-08-16T13:30:18.5743969Z Successfully installed annotated-types-0.7.0 beautifulsoup4-4.13.4 certifi-2025.8.3 cffi-1.17.1 charset_normalizer-3.4.3 click-8.2.1 contourpy-1.3.3 curl_cffi-0.13.0 cycler-0.12.1 et-xmlfile-2.0.0 fake_useragent-2.2.0 fonttools-4.59.1 frozendict-2.4.6 idna-3.10 importlib-metadata-8.7.0 kiwisolver-1.4.9 matplotlib-3.10.5 multitasking-0.0.12 numpy-2.3.2 openpyxl-3.1.5 packaging-25.0 pandas-2.3.1 peewee-3.18.2 pillow-11.3.0 platformdirs-4.3.8 protobuf-6.32.0 psutil-7.0.0 pycparser-2.22 pydantic-2.11.7 pydantic-core-2.33.2 pyparsing-3.2.3 python-dateutil-2.9.0.post0 pytz-2025.2 requests-2.32.4 seaborn-0.13.2 six-1.17.0 soupsieve-2.7 squarify-0.4.4 tenacity-9.1.2 typing-extensions-4.14.1 typing-inspection-0.4.1 tzdata-2025.2 urllib3-2.5.0 vnai-2.1.9 vnstock-3.2.6 vnstock_ezchart-0.0.2 websockets-15.0.1 wordcloud-1.9.4 yfinance-0.2.65 zipp-3.23.0
2025-08-16T13:30:19.1737284Z ##[group]Run python bot.py
2025-08-16T13:30:19.1737572Z [36;1mpython bot.py[0m
2025-08-16T13:30:19.1781567Z shell: /usr/bin/bash -e {0}
2025-08-16T13:30:19.1781810Z env:
2025-08-16T13:30:19.1782066Z   pythonLocation: /opt/hostedtoolcache/Python/3.11.13/x64
2025-08-16T13:30:19.1782502Z   PKG_CONFIG_PATH: /opt/hostedtoolcache/Python/3.11.13/x64/lib/pkgconfig
2025-08-16T13:30:19.1782949Z   Python_ROOT_DIR: /opt/hostedtoolcache/Python/3.11.13/x64
2025-08-16T13:30:19.1783589Z   Python2_ROOT_DIR: /opt/hostedtoolcache/Python/3.11.13/x64
2025-08-16T13:30:19.1783974Z   Python3_ROOT_DIR: /opt/hostedtoolcache/Python/3.11.13/x64
2025-08-16T13:30:19.1784354Z   LD_LIBRARY_PATH: /opt/hostedtoolcache/Python/3.11.13/x64/lib
2025-08-16T13:30:19.1784906Z   BOT_TOKEN: ***
2025-08-16T13:30:19.1785130Z   CHAT_ID: ***
2025-08-16T13:30:19.1785335Z ##[endgroup]
2025-08-16T13:30:24.5746982Z [DEBUG] vnstock index fetch failed: vnstock.index not found
2025-08-16T13:30:24.5748127Z [DEBUG] Failed building line for MBB: 'module' object is not callable
2025-08-16T13:30:24.5749371Z [DEBUG] Failed building line for HPG: 'module' object is not callable
2025-08-16T13:30:24.5750678Z [DEBUG] Failed building line for SSI: 'module' object is not callable
2025-08-16T13:30:24.5751995Z [DEBUG] Failed building line for PVP: 'module' object is not callable
2025-08-16T13:30:24.5753547Z [DEBUG] Failed building line for KSB: 'module' object is not callable
2025-08-16T13:30:24.5754420Z [DEBUG] Failed building line for QTP: 'module' object is not callable
2025-08-16T13:30:24.5755058Z === Report preview ===
2025-08-16T13:30:24.5756304Z ğŸ“Š BÃ¡o cÃ¡o thá»‹ trÆ°á»ng â€” 2025-08-16 13:30:24
2025-08-16T13:30:24.5756948Z ğŸ“ˆ VN-Index: â€” (lá»—i dá»¯ liá»‡u)
2025-08-16T13:30:24.5757182Z 
2025-08-16T13:30:24.5757315Z ğŸ“Œ Chi tiáº¿t mÃ£:
2025-08-16T13:30:24.5757569Z MBB: â€” (lá»—i dá»¯ liá»‡u)
2025-08-16T13:30:24.5757825Z HPG: â€” (lá»—i dá»¯ liá»‡u)
2025-08-16T13:30:24.5758068Z SSI: â€” (lá»—i dá»¯ liá»‡u)
2025-08-16T13:30:24.5758316Z PVP: â€” (lá»—i dá»¯ liá»‡u)
2025-08-16T13:30:24.5758588Z KSB: â€” (lá»—i dá»¯ liá»‡u)
2025-08-16T13:30:24.5758831Z QTP: â€” (lá»—i dá»¯ liá»‡u)
2025-08-16T13:30:24.5758968Z 
2025-08-16T13:30:24.5759075Z âš ï¸ Alerts:
2025-08-16T13:30:24.5759188Z 
2025-08-16T13:30:24.5759406Z (Thá»i gian bÃ¡o cÃ¡o: 2025-08-16 13:30:24) - Bot_vnstock
2025-08-16T13:30:24.5760079Z [DEBUG] Preparing to send to Telegram. CHAT_ID=***, TOKEN=***JaLanQ
2025-08-16T13:30:24.5760488Z [DEBUG] Sending chunk 1/1 (len=280) ...
2025-08-16T13:30:25.0909182Z [DEBUG] Telegram response: 200 {"ok":true,"result":{"message_id":13,"from":{"id":8105560161,"is_bot":true,"first_name":"VNStockUpdateBot","username":"VNStockUpdateBot"},"chat":{"id":***,"first_name":"T\u00edn","last_name":"Nguy\u1ec5n","type":"private"},"date":1755351024,"text":"\ud83d\udcca B\u00e1o c\u00e1o th\u1ecb tr\u01b0\u1eddng \u2014 2025-08-16 13:30:24\n\ud83d\udcc8 VN-Index: \u2014 (l\u1ed7i d\u1eef li\u1ec7u)\n\n\ud83d\udccc Chi ti\u1ebft m\u00e3:\nMBB: \u2014 (l\u1ed7i d\u1eef li\u1ec7u)\nHPG: \u2014 (l\u1e
2025-08-16T13:30:25.0911398Z [DEBUG] Report sent to Telegram (or attempted).
2025-08-16T13:30:25.2695935Z Post job cleanup.
2025-08-16T13:30:25.4408100Z Post job cleanup.
2025-08-16T13:30:25.5384159Z [command]/usr/bin/git version
2025-08-16T13:30:25.5421731Z git version 2.50.1
2025-08-16T13:30:25.5465771Z Temporarily overriding HOME='/home/runner/work/_temp/f6eb2f66-aafb-4fea-b982-d8b9b1553f79' before making global git config changes
2025-08-16T13:30:25.5467329Z Adding repository directory to the temporary git global config as a safe directory
2025-08-16T13:30:25.5471509Z [command]/usr/bin/git config --global --add safe.directory /home/runner/work/Telegram_bot_update1/Telegram_bot_update1
2025-08-16T13:30:25.5510460Z [command]/usr/bin/git config --local --name-only --get-regexp core\.sshCommand
2025-08-16T13:30:25.5543063Z [command]/usr/bin/git submodule foreach --recursive sh -c "git config --local --name-only --get-regexp 'core\.sshCommand' && git config --local --unset-all 'core.sshCommand' || :"
2025-08-16T13:30:25.5784542Z [command]/usr/bin/git config --local --name-only --get-regexp http\.https\:\/\/github\.com\/\.extraheader
2025-08-16T13:30:25.5809696Z http.https://github.com/.extraheader
2025-08-16T13:30:25.5823100Z [command]/usr/bin/git config --local --unset-all http.https://github.com/.extraheader
2025-08-16T13:30:25.5857360Z [command]/usr/bin/git submodule foreach --recursive sh -c "git config --local --name-only --get-regexp 'http\.https\:\/\/github\.com\/\.extraheader' && git config --local --unset-all 'http.https://github.com/.extraheader' || :"
2025-08-16T13:30:25.6224001Z Cleaning up orphan processes


next run

2025-08-16T13:41:00.9568222Z Current runner version: '2.327.1'
2025-08-16T13:41:00.9602404Z ##[group]Runner Image Provisioner
2025-08-16T13:41:00.9603686Z Hosted Compute Agent
2025-08-16T13:41:00.9604779Z Version: 20250812.370
2025-08-16T13:41:00.9605902Z Commit: 4a2b2bf7520004e3e907c2150c8cabe342a3da32
2025-08-16T13:41:00.9607187Z Build Date: 2025-08-12T16:08:14Z
2025-08-16T13:41:00.9608371Z ##[endgroup]
2025-08-16T13:41:00.9609255Z ##[group]Operating System
2025-08-16T13:41:00.9610254Z Ubuntu
2025-08-16T13:41:00.9610998Z 24.04.2
2025-08-16T13:41:00.9612014Z LTS
2025-08-16T13:41:00.9612885Z ##[endgroup]
2025-08-16T13:41:00.9613709Z ##[group]Runner Image
2025-08-16T13:41:00.9614558Z Image: ubuntu-24.04
2025-08-16T13:41:00.9615553Z Version: 20250810.1.0
2025-08-16T13:41:00.9617373Z Included Software: https://github.com/actions/runner-images/blob/ubuntu24/20250810.1/images/ubuntu/Ubuntu2404-Readme.md
2025-08-16T13:41:00.9620260Z Image Release: https://github.com/actions/runner-images/releases/tag/ubuntu24%2F20250810.1
2025-08-16T13:41:00.9622215Z ##[endgroup]
2025-08-16T13:41:00.9624301Z ##[group]GITHUB_TOKEN Permissions
2025-08-16T13:41:00.9626979Z Contents: read
2025-08-16T13:41:00.9627969Z Metadata: read
2025-08-16T13:41:00.9628816Z Packages: read
2025-08-16T13:41:00.9629627Z ##[endgroup]
2025-08-16T13:41:00.9632926Z Secret source: Actions
2025-08-16T13:41:00.9633985Z Prepare workflow directory
2025-08-16T13:41:01.0110077Z Prepare all required actions
2025-08-16T13:41:01.0166798Z Getting action download info
2025-08-16T13:41:01.2240409Z Download action repository 'actions/checkout@v4' (SHA:08eba0b27e820071cde6df949e0beb9ba4906955)
2025-08-16T13:41:01.5208476Z Download action repository 'actions/setup-python@v4' (SHA:7f4fc3e22c37d6ff65e88745f38bd3157c663f7c)
2025-08-16T13:41:01.8676454Z Complete job name: send
2025-08-16T13:41:01.9450963Z ##[group]Run actions/checkout@v4
2025-08-16T13:41:01.9452686Z with:
2025-08-16T13:41:01.9453607Z   repository: Alvic-maker/Telegram_bot_update1
2025-08-16T13:41:01.9455083Z   token: ***
2025-08-16T13:41:01.9455910Z   ssh-strict: true
2025-08-16T13:41:01.9456747Z   ssh-user: git
2025-08-16T13:41:01.9457599Z   persist-credentials: true
2025-08-16T13:41:01.9458555Z   clean: true
2025-08-16T13:41:01.9459411Z   sparse-checkout-cone-mode: true
2025-08-16T13:41:01.9460431Z   fetch-depth: 1
2025-08-16T13:41:01.9461402Z   fetch-tags: false
2025-08-16T13:41:01.9462255Z   show-progress: true
2025-08-16T13:41:01.9463109Z   lfs: false
2025-08-16T13:41:01.9463908Z   submodules: false
2025-08-16T13:41:01.9464769Z   set-safe-directory: true
2025-08-16T13:41:01.9465987Z ##[endgroup]
2025-08-16T13:41:02.0573247Z Syncing repository: Alvic-maker/Telegram_bot_update1
2025-08-16T13:41:02.0576003Z ##[group]Getting Git version info
2025-08-16T13:41:02.0577719Z Working directory is '/home/runner/work/Telegram_bot_update1/Telegram_bot_update1'
2025-08-16T13:41:02.0579890Z [command]/usr/bin/git version
2025-08-16T13:41:02.0630862Z git version 2.50.1
2025-08-16T13:41:02.0658352Z ##[endgroup]
2025-08-16T13:41:02.0674131Z Temporarily overriding HOME='/home/runner/work/_temp/b33bac08-5761-466d-adf6-fd2b1a791c4c' before making global git config changes
2025-08-16T13:41:02.0679055Z Adding repository directory to the temporary git global config as a safe directory
2025-08-16T13:41:02.0688989Z [command]/usr/bin/git config --global --add safe.directory /home/runner/work/Telegram_bot_update1/Telegram_bot_update1
2025-08-16T13:41:02.0724405Z Deleting the contents of '/home/runner/work/Telegram_bot_update1/Telegram_bot_update1'
2025-08-16T13:41:02.0728449Z ##[group]Initializing the repository
2025-08-16T13:41:02.0732036Z [command]/usr/bin/git init /home/runner/work/Telegram_bot_update1/Telegram_bot_update1
2025-08-16T13:41:02.0799965Z hint: Using 'master' as the name for the initial branch. This default branch name
2025-08-16T13:41:02.0803436Z hint: is subject to change. To configure the initial branch name to use in all
2025-08-16T13:41:02.0805313Z hint: of your new repositories, which will suppress this warning, call:
2025-08-16T13:41:02.0806687Z hint:
2025-08-16T13:41:02.0808537Z hint: 	git config --global init.defaultBranch <name>
2025-08-16T13:41:02.0809872Z hint:
2025-08-16T13:41:02.0810980Z hint: Names commonly chosen instead of 'master' are 'main', 'trunk' and
2025-08-16T13:41:02.0813492Z hint: 'development'. The just-created branch can be renamed via this command:
2025-08-16T13:41:02.0814953Z hint:
2025-08-16T13:41:02.0815705Z hint: 	git branch -m <name>
2025-08-16T13:41:02.0816582Z hint:
2025-08-16T13:41:02.0817779Z hint: Disable this message with "git config set advice.defaultBranchName false"
2025-08-16T13:41:02.0820052Z Initialized empty Git repository in /home/runner/work/Telegram_bot_update1/Telegram_bot_update1/.git/
2025-08-16T13:41:02.0823883Z [command]/usr/bin/git remote add origin https://github.com/Alvic-maker/Telegram_bot_update1
2025-08-16T13:41:02.0847404Z ##[endgroup]
2025-08-16T13:41:02.0848789Z ##[group]Disabling automatic garbage collection
2025-08-16T13:41:02.0850398Z [command]/usr/bin/git config --local gc.auto 0
2025-08-16T13:41:02.0879754Z ##[endgroup]
2025-08-16T13:41:02.0881443Z ##[group]Setting up auth
2025-08-16T13:41:02.0885271Z [command]/usr/bin/git config --local --name-only --get-regexp core\.sshCommand
2025-08-16T13:41:02.0914120Z [command]/usr/bin/git submodule foreach --recursive sh -c "git config --local --name-only --get-regexp 'core\.sshCommand' && git config --local --unset-all 'core.sshCommand' || :"
2025-08-16T13:41:02.1223109Z [command]/usr/bin/git config --local --name-only --get-regexp http\.https\:\/\/github\.com\/\.extraheader
2025-08-16T13:41:02.1251833Z [command]/usr/bin/git submodule foreach --recursive sh -c "git config --local --name-only --get-regexp 'http\.https\:\/\/github\.com\/\.extraheader' && git config --local --unset-all 'http.https://github.com/.extraheader' || :"
2025-08-16T13:41:02.1465249Z [command]/usr/bin/git config --local http.https://github.com/.extraheader AUTHORIZATION: basic ***
2025-08-16T13:41:02.1498657Z ##[endgroup]
2025-08-16T13:41:02.1500004Z ##[group]Fetching the repository
2025-08-16T13:41:02.1507778Z [command]/usr/bin/git -c protocol.version=2 fetch --no-tags --prune --no-recurse-submodules --depth=1 origin +fd6c266520c0f88099775d47f41e2f80c39c5881:refs/remotes/origin/main
2025-08-16T13:41:02.3164924Z From https://github.com/Alvic-maker/Telegram_bot_update1
2025-08-16T13:41:02.3169128Z  * [new ref]         fd6c266520c0f88099775d47f41e2f80c39c5881 -> origin/main
2025-08-16T13:41:02.3189617Z ##[endgroup]
2025-08-16T13:41:02.3191904Z ##[group]Determining the checkout info
2025-08-16T13:41:02.3193481Z ##[endgroup]
2025-08-16T13:41:02.3196356Z [command]/usr/bin/git sparse-checkout disable
2025-08-16T13:41:02.3234032Z [command]/usr/bin/git config --local --unset-all extensions.worktreeConfig
2025-08-16T13:41:02.3264022Z ##[group]Checking out the ref
2025-08-16T13:41:02.3266746Z [command]/usr/bin/git checkout --progress --force -B main refs/remotes/origin/main
2025-08-16T13:41:02.3307796Z Switched to a new branch 'main'
2025-08-16T13:41:02.3310490Z branch 'main' set up to track 'origin/main'.
2025-08-16T13:41:02.3317856Z ##[endgroup]
2025-08-16T13:41:02.3350060Z [command]/usr/bin/git log -1 --format=%H
2025-08-16T13:41:02.3372307Z fd6c266520c0f88099775d47f41e2f80c39c5881
2025-08-16T13:41:02.3648996Z ##[group]Run actions/setup-python@v4
2025-08-16T13:41:02.3650018Z with:
2025-08-16T13:41:02.3650727Z   python-version: 3.11
2025-08-16T13:41:02.3651766Z   check-latest: false
2025-08-16T13:41:02.3652808Z   token: ***
2025-08-16T13:41:02.3653560Z   update-environment: true
2025-08-16T13:41:02.3654453Z   allow-prereleases: false
2025-08-16T13:41:02.3655311Z ##[endgroup]
2025-08-16T13:41:02.5382831Z ##[group]Installed versions
2025-08-16T13:41:02.5490905Z Successfully set up CPython (3.11.13)
2025-08-16T13:41:02.5493777Z ##[endgroup]
2025-08-16T13:41:02.5635434Z ##[group]Run python -m pip install --upgrade pip
2025-08-16T13:41:02.5636752Z [36;1mpython -m pip install --upgrade pip[0m
2025-08-16T13:41:02.5637898Z [36;1mpip install -r requirements.txt[0m
2025-08-16T13:41:02.5719277Z shell: /usr/bin/bash -e {0}
2025-08-16T13:41:02.5720374Z env:
2025-08-16T13:41:02.5721454Z   pythonLocation: /opt/hostedtoolcache/Python/3.11.13/x64
2025-08-16T13:41:02.5722995Z   PKG_CONFIG_PATH: /opt/hostedtoolcache/Python/3.11.13/x64/lib/pkgconfig
2025-08-16T13:41:02.5724498Z   Python_ROOT_DIR: /opt/hostedtoolcache/Python/3.11.13/x64
2025-08-16T13:41:02.5725851Z   Python2_ROOT_DIR: /opt/hostedtoolcache/Python/3.11.13/x64
2025-08-16T13:41:02.5727229Z   Python3_ROOT_DIR: /opt/hostedtoolcache/Python/3.11.13/x64
2025-08-16T13:41:02.5728614Z   LD_LIBRARY_PATH: /opt/hostedtoolcache/Python/3.11.13/x64/lib
2025-08-16T13:41:02.5729769Z ##[endgroup]
2025-08-16T13:41:03.1717989Z Requirement already satisfied: pip in /opt/hostedtoolcache/Python/3.11.13/x64/lib/python3.11/site-packages (25.2)
2025-08-16T13:41:03.8421597Z Collecting yfinance (from -r requirements.txt (line 1))
2025-08-16T13:41:03.8919959Z   Downloading yfinance-0.2.65-py2.py3-none-any.whl.metadata (5.8 kB)
2025-08-16T13:41:03.9361865Z Collecting requests (from -r requirements.txt (line 2))
2025-08-16T13:41:03.9441989Z   Downloading requests-2.32.4-py3-none-any.whl.metadata (4.9 kB)
2025-08-16T13:41:04.0835248Z Collecting pandas (from -r requirements.txt (line 3))
2025-08-16T13:41:04.0912463Z   Downloading pandas-2.3.1-cp311-cp311-manylinux_2_17_x86_64.manylinux2014_x86_64.whl.metadata (91 kB)
2025-08-16T13:41:04.1577246Z Collecting vnstock (from -r requirements.txt (line 4))
2025-08-16T13:41:04.1664516Z   Downloading vnstock-3.2.6-py3-none-any.whl.metadata (42 kB)
2025-08-16T13:41:04.3644091Z Collecting numpy>=1.16.5 (from yfinance->-r requirements.txt (line 1))
2025-08-16T13:41:04.3723379Z   Downloading numpy-2.3.2-cp311-cp311-manylinux_2_27_x86_64.manylinux_2_28_x86_64.whl.metadata (62 kB)
2025-08-16T13:41:04.4026815Z Collecting multitasking>=0.0.7 (from yfinance->-r requirements.txt (line 1))
2025-08-16T13:41:04.4116153Z   Downloading multitasking-0.0.12.tar.gz (19 kB)
2025-08-16T13:41:04.4204398Z   Installing build dependencies: started
2025-08-16T13:41:05.2383654Z   Installing build dependencies: finished with status 'done'
2025-08-16T13:41:05.2388768Z   Getting requirements to build wheel: started
2025-08-16T13:41:05.5965296Z   Getting requirements to build wheel: finished with status 'done'
2025-08-16T13:41:05.5973611Z   Preparing metadata (pyproject.toml): started
2025-08-16T13:41:05.7688517Z   Preparing metadata (pyproject.toml): finished with status 'done'
2025-08-16T13:41:05.7912977Z Collecting platformdirs>=2.0.0 (from yfinance->-r requirements.txt (line 1))
2025-08-16T13:41:05.7982264Z   Downloading platformdirs-4.3.8-py3-none-any.whl.metadata (12 kB)
2025-08-16T13:41:05.8453139Z Collecting pytz>=2022.5 (from yfinance->-r requirements.txt (line 1))
2025-08-16T13:41:05.8525268Z   Downloading pytz-2025.2-py2.py3-none-any.whl.metadata (22 kB)
2025-08-16T13:41:05.8974223Z Collecting frozendict>=2.3.4 (from yfinance->-r requirements.txt (line 1))
2025-08-16T13:41:05.9053310Z   Downloading frozendict-2.4.6-py311-none-any.whl.metadata (23 kB)
2025-08-16T13:41:05.9323974Z Collecting peewee>=3.16.2 (from yfinance->-r requirements.txt (line 1))
2025-08-16T13:41:05.9395873Z   Downloading peewee-3.18.2.tar.gz (949 kB)
2025-08-16T13:41:05.9606073Z      â”â”â”â”â”â”â”â”â”â”â”â”â”â”â”â”â”â”â”â”â”â”â”â”â”â”â”â”â”â”â”â”â”â”â”â”â”â”â”â” 949.2/949.2 kB 54.1 MB/s  0:00:00
2025-08-16T13:41:06.0209606Z   Installing build dependencies: started
2025-08-16T13:41:06.7895503Z   Installing build dependencies: finished with status 'done'
2025-08-16T13:41:06.7900169Z   Getting requirements to build wheel: started
2025-08-16T13:41:07.2517672Z   Getting requirements to build wheel: finished with status 'done'
2025-08-16T13:41:07.2525371Z   Preparing metadata (pyproject.toml): started
2025-08-16T13:41:07.4540672Z   Preparing metadata (pyproject.toml): finished with status 'done'
2025-08-16T13:41:07.4749917Z Collecting beautifulsoup4>=4.11.1 (from yfinance->-r requirements.txt (line 1))
2025-08-16T13:41:07.4831327Z   Downloading beautifulsoup4-4.13.4-py3-none-any.whl.metadata (3.8 kB)
2025-08-16T13:41:07.5375873Z Collecting curl_cffi>=0.7 (from yfinance->-r requirements.txt (line 1))
2025-08-16T13:41:07.5456868Z   Downloading curl_cffi-0.13.0-cp39-abi3-manylinux_2_17_x86_64.manylinux2014_x86_64.whl.metadata (13 kB)
2025-08-16T13:41:07.7404751Z Collecting protobuf>=3.19.0 (from yfinance->-r requirements.txt (line 1))
2025-08-16T13:41:07.7485583Z   Downloading protobuf-6.32.0-cp39-abi3-manylinux2014_x86_64.whl.metadata (593 bytes)
2025-08-16T13:41:07.8436234Z Collecting websockets>=13.0 (from yfinance->-r requirements.txt (line 1))
2025-08-16T13:41:07.8513381Z   Downloading websockets-15.0.1-cp311-cp311-manylinux_2_5_x86_64.manylinux1_x86_64.manylinux_2_17_x86_64.manylinux2014_x86_64.whl.metadata (6.8 kB)
2025-08-16T13:41:07.9383935Z Collecting charset_normalizer<4,>=2 (from requests->-r requirements.txt (line 2))
2025-08-16T13:41:07.9455183Z   Downloading charset_normalizer-3.4.3-cp311-cp311-manylinux2014_x86_64.manylinux_2_17_x86_64.manylinux_2_28_x86_64.whl.metadata (36 kB)
2025-08-16T13:41:07.9707814Z Collecting idna<4,>=2.5 (from requests->-r requirements.txt (line 2))
2025-08-16T13:41:07.9881648Z   Downloading idna-3.10-py3-none-any.whl.metadata (10 kB)
2025-08-16T13:41:08.0209071Z Collecting urllib3<3,>=1.21.1 (from requests->-r requirements.txt (line 2))
2025-08-16T13:41:08.0286377Z   Downloading urllib3-2.5.0-py3-none-any.whl.metadata (6.5 kB)
2025-08-16T13:41:08.0559233Z Collecting certifi>=2017.4.17 (from requests->-r requirements.txt (line 2))
2025-08-16T13:41:08.0633285Z   Downloading certifi-2025.8.3-py3-none-any.whl.metadata (2.4 kB)
2025-08-16T13:41:08.0917173Z Collecting python-dateutil>=2.8.2 (from pandas->-r requirements.txt (line 3))
2025-08-16T13:41:08.0989719Z   Downloading python_dateutil-2.9.0.post0-py2.py3-none-any.whl.metadata (8.4 kB)
2025-08-16T13:41:08.1233908Z Collecting tzdata>=2022.7 (from pandas->-r requirements.txt (line 3))
2025-08-16T13:41:08.1306366Z   Downloading tzdata-2025.2-py2.py3-none-any.whl.metadata (1.4 kB)
2025-08-16T13:41:08.1504099Z Collecting seaborn (from vnstock->-r requirements.txt (line 4))
2025-08-16T13:41:08.1581679Z   Downloading seaborn-0.13.2-py3-none-any.whl.metadata (5.4 kB)
2025-08-16T13:41:08.1815578Z Collecting openpyxl (from vnstock->-r requirements.txt (line 4))
2025-08-16T13:41:08.1889101Z   Downloading openpyxl-3.1.5-py2.py3-none-any.whl.metadata (2.5 kB)
2025-08-16T13:41:08.3107989Z Collecting pydantic (from vnstock->-r requirements.txt (line 4))
2025-08-16T13:41:08.3185478Z   Downloading pydantic-2.11.7-py3-none-any.whl.metadata (67 kB)
2025-08-16T13:41:08.4168838Z Collecting psutil (from vnstock->-r requirements.txt (line 4))
2025-08-16T13:41:08.4250536Z   Downloading psutil-7.0.0-cp36-abi3-manylinux_2_12_x86_64.manylinux2010_x86_64.manylinux_2_17_x86_64.manylinux2014_x86_64.whl.metadata (22 kB)
2025-08-16T13:41:08.4492058Z Collecting fake_useragent (from vnstock->-r requirements.txt (line 4))
2025-08-16T13:41:08.4562860Z   Downloading fake_useragent-2.2.0-py3-none-any.whl.metadata (17 kB)
2025-08-16T13:41:08.4727007Z Collecting vnstock_ezchart (from vnstock->-r requirements.txt (line 4))
2025-08-16T13:41:08.4809990Z   Downloading vnstock_ezchart-0.0.2-py3-none-any.whl.metadata (6.6 kB)
2025-08-16T13:41:08.5108222Z Collecting click (from vnstock->-r requirements.txt (line 4))
2025-08-16T13:41:08.5177595Z   Downloading click-8.2.1-py3-none-any.whl.metadata (2.5 kB)
2025-08-16T13:41:08.5384666Z Collecting packaging>=20.0 (from vnstock->-r requirements.txt (line 4))
2025-08-16T13:41:08.5475044Z   Downloading packaging-25.0-py3-none-any.whl.metadata (3.3 kB)
2025-08-16T13:41:08.5846405Z Collecting importlib-metadata>=1.0 (from vnstock->-r requirements.txt (line 4))
2025-08-16T13:41:08.5918183Z   Downloading importlib_metadata-8.7.0-py3-none-any.whl.metadata (4.8 kB)
2025-08-16T13:41:08.6169820Z Collecting tenacity (from vnstock->-r requirements.txt (line 4))
2025-08-16T13:41:08.6306974Z   Downloading tenacity-9.1.2-py3-none-any.whl.metadata (1.2 kB)
2025-08-16T13:41:08.6459319Z Collecting vnai>=2.0.3 (from vnstock->-r requirements.txt (line 4))
2025-08-16T13:41:08.6542088Z   Downloading vnai-2.1.9-py3-none-any.whl.metadata (662 bytes)
2025-08-16T13:41:08.6756707Z Collecting soupsieve>1.2 (from beautifulsoup4>=4.11.1->yfinance->-r requirements.txt (line 1))
2025-08-16T13:41:08.6830387Z   Downloading soupsieve-2.7-py3-none-any.whl.metadata (4.6 kB)
2025-08-16T13:41:08.7052093Z Collecting typing-extensions>=4.0.0 (from beautifulsoup4>=4.11.1->yfinance->-r requirements.txt (line 1))
2025-08-16T13:41:08.7135435Z   Downloading typing_extensions-4.14.1-py3-none-any.whl.metadata (3.0 kB)
2025-08-16T13:41:08.8214361Z Collecting cffi>=1.12.0 (from curl_cffi>=0.7->yfinance->-r requirements.txt (line 1))
2025-08-16T13:41:08.8287967Z   Downloading cffi-1.17.1-cp311-cp311-manylinux_2_17_x86_64.manylinux2014_x86_64.whl.metadata (1.5 kB)
2025-08-16T13:41:08.8502806Z Collecting pycparser (from cffi>=1.12.0->curl_cffi>=0.7->yfinance->-r requirements.txt (line 1))
2025-08-16T13:41:08.8572091Z   Downloading pycparser-2.22-py3-none-any.whl.metadata (943 bytes)
2025-08-16T13:41:08.8816218Z Collecting zipp>=3.20 (from importlib-metadata>=1.0->vnstock->-r requirements.txt (line 4))
2025-08-16T13:41:08.8887248Z   Downloading zipp-3.23.0-py3-none-any.whl.metadata (3.6 kB)
2025-08-16T13:41:08.9132217Z Collecting six>=1.5 (from python-dateutil>=2.8.2->pandas->-r requirements.txt (line 3))
2025-08-16T13:41:08.9203149Z   Downloading six-1.17.0-py2.py3-none-any.whl.metadata (1.7 kB)
2025-08-16T13:41:08.9535945Z Collecting et-xmlfile (from openpyxl->vnstock->-r requirements.txt (line 4))
2025-08-16T13:41:08.9611708Z   Downloading et_xmlfile-2.0.0-py3-none-any.whl.metadata (2.7 kB)
2025-08-16T13:41:08.9797668Z Collecting annotated-types>=0.6.0 (from pydantic->vnstock->-r requirements.txt (line 4))
2025-08-16T13:41:08.9870435Z   Downloading annotated_types-0.7.0-py3-none-any.whl.metadata (15 kB)
2025-08-16T13:41:09.6462899Z Collecting pydantic-core==2.33.2 (from pydantic->vnstock->-r requirements.txt (line 4))
2025-08-16T13:41:09.6539468Z   Downloading pydantic_core-2.33.2-cp311-cp311-manylinux_2_17_x86_64.manylinux2014_x86_64.whl.metadata (6.8 kB)
2025-08-16T13:41:09.6722131Z Collecting typing-inspection>=0.4.0 (from pydantic->vnstock->-r requirements.txt (line 4))
2025-08-16T13:41:09.6795203Z   Downloading typing_inspection-0.4.1-py3-none-any.whl.metadata (2.6 kB)
2025-08-16T13:41:09.8806469Z Collecting matplotlib!=3.6.1,>=3.4 (from seaborn->vnstock->-r requirements.txt (line 4))
2025-08-16T13:41:09.8882083Z   Downloading matplotlib-3.10.5-cp311-cp311-manylinux2014_x86_64.manylinux_2_17_x86_64.whl.metadata (11 kB)
2025-08-16T13:41:09.9604869Z Collecting contourpy>=1.0.1 (from matplotlib!=3.6.1,>=3.4->seaborn->vnstock->-r requirements.txt (line 4))
2025-08-16T13:41:09.9678129Z   Downloading contourpy-1.3.3-cp311-cp311-manylinux_2_27_x86_64.manylinux_2_28_x86_64.whl.metadata (5.5 kB)
2025-08-16T13:41:09.9858276Z Collecting cycler>=0.10 (from matplotlib!=3.6.1,>=3.4->seaborn->vnstock->-r requirements.txt (line 4))
2025-08-16T13:41:09.9928276Z   Downloading cycler-0.12.1-py3-none-any.whl.metadata (3.8 kB)
2025-08-16T13:41:10.1347906Z Collecting fonttools>=4.22.0 (from matplotlib!=3.6.1,>=3.4->seaborn->vnstock->-r requirements.txt (line 4))
2025-08-16T13:41:10.1422413Z   Downloading fonttools-4.59.1-cp311-cp311-manylinux2014_x86_64.manylinux_2_17_x86_64.whl.metadata (108 kB)
2025-08-16T13:41:10.2167818Z Collecting kiwisolver>=1.3.1 (from matplotlib!=3.6.1,>=3.4->seaborn->vnstock->-r requirements.txt (line 4))
2025-08-16T13:41:10.2241554Z   Downloading kiwisolver-1.4.9-cp311-cp311-manylinux2014_x86_64.manylinux_2_17_x86_64.whl.metadata (6.3 kB)
2025-08-16T13:41:10.4560703Z Collecting pillow>=8 (from matplotlib!=3.6.1,>=3.4->seaborn->vnstock->-r requirements.txt (line 4))
2025-08-16T13:41:10.4635246Z   Downloading pillow-11.3.0-cp311-cp311-manylinux_2_27_x86_64.manylinux_2_28_x86_64.whl.metadata (9.0 kB)
2025-08-16T13:41:10.4986958Z Collecting pyparsing>=2.3.1 (from matplotlib!=3.6.1,>=3.4->seaborn->vnstock->-r requirements.txt (line 4))
2025-08-16T13:41:10.5066503Z   Downloading pyparsing-3.2.3-py3-none-any.whl.metadata (5.0 kB)
2025-08-16T13:41:10.5467332Z Collecting squarify (from vnstock_ezchart->vnstock->-r requirements.txt (line 4))
2025-08-16T13:41:10.5550239Z   Downloading squarify-0.4.4-py3-none-any.whl.metadata (600 bytes)
2025-08-16T13:41:10.5866154Z Collecting wordcloud (from vnstock_ezchart->vnstock->-r requirements.txt (line 4))
2025-08-16T13:41:10.5946567Z   Downloading wordcloud-1.9.4-cp311-cp311-manylinux_2_17_x86_64.manylinux2014_x86_64.whl.metadata (3.4 kB)
2025-08-16T13:41:10.6219102Z Downloading yfinance-0.2.65-py2.py3-none-any.whl (119 kB)
2025-08-16T13:41:10.6320301Z Downloading requests-2.32.4-py3-none-any.whl (64 kB)
2025-08-16T13:41:10.6428579Z Downloading charset_normalizer-3.4.3-cp311-cp311-manylinux2014_x86_64.manylinux_2_17_x86_64.manylinux_2_28_x86_64.whl (150 kB)
2025-08-16T13:41:10.6537871Z Downloading idna-3.10-py3-none-any.whl (70 kB)
2025-08-16T13:41:10.6638621Z Downloading urllib3-2.5.0-py3-none-any.whl (129 kB)
2025-08-16T13:41:10.6746607Z Downloading pandas-2.3.1-cp311-cp311-manylinux_2_17_x86_64.manylinux2014_x86_64.whl (12.4 MB)
2025-08-16T13:41:10.7309868Z    â”â”â”â”â”â”â”â”â”â”â”â”â”â”â”â”â”â”â”â”â”â”â”â”â”â”â”â”â”â”â”â”â”â”â”â”â”â”â”â” 12.4/12.4 MB 226.4 MB/s  0:00:00
2025-08-16T13:41:10.7390797Z Downloading vnstock-3.2.6-py3-none-any.whl (121 kB)
2025-08-16T13:41:10.7501781Z Downloading beautifulsoup4-4.13.4-py3-none-any.whl (187 kB)
2025-08-16T13:41:10.7599537Z Downloading certifi-2025.8.3-py3-none-any.whl (161 kB)
2025-08-16T13:41:10.7735179Z Downloading curl_cffi-0.13.0-cp39-abi3-manylinux_2_17_x86_64.manylinux2014_x86_64.whl (8.3 MB)
2025-08-16T13:41:10.8229936Z    â”â”â”â”â”â”â”â”â”â”â”â”â”â”â”â”â”â”â”â”â”â”â”â”â”â”â”â”â”â”â”â”â”â”â”â”â”â”â”â” 8.3/8.3 MB 171.7 MB/s  0:00:00
2025-08-16T13:41:10.8300451Z Downloading cffi-1.17.1-cp311-cp311-manylinux_2_17_x86_64.manylinux2014_x86_64.whl (467 kB)
2025-08-16T13:41:10.8435573Z Downloading frozendict-2.4.6-py311-none-any.whl (16 kB)
2025-08-16T13:41:10.8532244Z Downloading importlib_metadata-8.7.0-py3-none-any.whl (27 kB)
2025-08-16T13:41:10.8624558Z Downloading numpy-2.3.2-cp311-cp311-manylinux_2_27_x86_64.manylinux_2_28_x86_64.whl (16.9 MB)
2025-08-16T13:41:10.9306452Z    â”â”â”â”â”â”â”â”â”â”â”â”â”â”â”â”â”â”â”â”â”â”â”â”â”â”â”â”â”â”â”â”â”â”â”â”â”â”â”â” 16.9/16.9 MB 253.8 MB/s  0:00:00
2025-08-16T13:41:10.9381252Z Downloading packaging-25.0-py3-none-any.whl (66 kB)
2025-08-16T13:41:10.9487558Z Downloading platformdirs-4.3.8-py3-none-any.whl (18 kB)
2025-08-16T13:41:10.9591837Z Downloading protobuf-6.32.0-cp39-abi3-manylinux2014_x86_64.whl (322 kB)
2025-08-16T13:41:10.9699210Z Downloading python_dateutil-2.9.0.post0-py2.py3-none-any.whl (229 kB)
2025-08-16T13:41:10.9797177Z Downloading pytz-2025.2-py2.py3-none-any.whl (509 kB)
2025-08-16T13:41:10.9921321Z Downloading six-1.17.0-py2.py3-none-any.whl (11 kB)
2025-08-16T13:41:11.0018371Z Downloading soupsieve-2.7-py3-none-any.whl (36 kB)
2025-08-16T13:41:11.0113110Z Downloading typing_extensions-4.14.1-py3-none-any.whl (43 kB)
2025-08-16T13:41:11.0207558Z Downloading tzdata-2025.2-py2.py3-none-any.whl (347 kB)
2025-08-16T13:41:11.0322916Z Downloading vnai-2.1.9-py3-none-any.whl (25 kB)
2025-08-16T13:41:11.0418370Z Downloading psutil-7.0.0-cp36-abi3-manylinux_2_12_x86_64.manylinux2010_x86_64.manylinux_2_17_x86_64.manylinux2014_x86_64.whl (277 kB)
2025-08-16T13:41:11.0540828Z Downloading websockets-15.0.1-cp311-cp311-manylinux_2_5_x86_64.manylinux1_x86_64.manylinux_2_17_x86_64.manylinux2014_x86_64.whl (182 kB)
2025-08-16T13:41:11.0647343Z Downloading zipp-3.23.0-py3-none-any.whl (10 kB)
2025-08-16T13:41:11.0764232Z Downloading click-8.2.1-py3-none-any.whl (102 kB)
2025-08-16T13:41:11.0865038Z Downloading fake_useragent-2.2.0-py3-none-any.whl (161 kB)
2025-08-16T13:41:11.0973009Z Downloading openpyxl-3.1.5-py2.py3-none-any.whl (250 kB)
2025-08-16T13:41:11.1075122Z Downloading et_xmlfile-2.0.0-py3-none-any.whl (18 kB)
2025-08-16T13:41:11.1195765Z Downloading pycparser-2.22-py3-none-any.whl (117 kB)
2025-08-16T13:41:11.1380571Z Downloading pydantic-2.11.7-py3-none-any.whl (444 kB)
2025-08-16T13:41:11.1425634Z Downloading pydantic_core-2.33.2-cp311-cp311-manylinux_2_17_x86_64.manylinux2014_x86_64.whl (2.0 MB)
2025-08-16T13:41:11.1554753Z    â”â”â”â”â”â”â”â”â”â”â”â”â”â”â”â”â”â”â”â”â”â”â”â”â”â”â”â”â”â”â”â”â”â”â”â”â”â”â”â” 2.0/2.0 MB 170.2 MB/s  0:00:00
2025-08-16T13:41:11.1626603Z Downloading annotated_types-0.7.0-py3-none-any.whl (13 kB)
2025-08-16T13:41:11.1723608Z Downloading typing_inspection-0.4.1-py3-none-any.whl (14 kB)
2025-08-16T13:41:11.1824521Z Downloading seaborn-0.13.2-py3-none-any.whl (294 kB)
2025-08-16T13:41:11.1935614Z Downloading matplotlib-3.10.5-cp311-cp311-manylinux2014_x86_64.manylinux_2_17_x86_64.whl (8.7 MB)
2025-08-16T13:41:11.2414164Z    â”â”â”â”â”â”â”â”â”â”â”â”â”â”â”â”â”â”â”â”â”â”â”â”â”â”â”â”â”â”â”â”â”â”â”â”â”â”â”â” 8.7/8.7 MB 190.0 MB/s  0:00:00
2025-08-16T13:41:11.2487674Z Downloading contourpy-1.3.3-cp311-cp311-manylinux_2_27_x86_64.manylinux_2_28_x86_64.whl (355 kB)
2025-08-16T13:41:11.2598112Z Downloading cycler-0.12.1-py3-none-any.whl (8.3 kB)
2025-08-16T13:41:11.2693066Z Downloading fonttools-4.59.1-cp311-cp311-manylinux2014_x86_64.manylinux_2_17_x86_64.whl (5.0 MB)
2025-08-16T13:41:11.3030309Z    â”â”â”â”â”â”â”â”â”â”â”â”â”â”â”â”â”â”â”â”â”â”â”â”â”â”â”â”â”â”â”â”â”â”â”â”â”â”â”â” 5.0/5.0 MB 155.5 MB/s  0:00:00
2025-08-16T13:41:11.3107126Z Downloading kiwisolver-1.4.9-cp311-cp311-manylinux2014_x86_64.manylinux_2_17_x86_64.whl (1.4 MB)
2025-08-16T13:41:11.3218335Z    â”â”â”â”â”â”â”â”â”â”â”â”â”â”â”â”â”â”â”â”â”â”â”â”â”â”â”â”â”â”â”â”â”â”â”â”â”â”â”â” 1.4/1.4 MB 138.7 MB/s  0:00:00
2025-08-16T13:41:11.3291368Z Downloading pillow-11.3.0-cp311-cp311-manylinux_2_27_x86_64.manylinux_2_28_x86_64.whl (6.6 MB)
2025-08-16T13:41:11.3597145Z    â”â”â”â”â”â”â”â”â”â”â”â”â”â”â”â”â”â”â”â”â”â”â”â”â”â”â”â”â”â”â”â”â”â”â”â”â”â”â”â” 6.6/6.6 MB 224.7 MB/s  0:00:00
2025-08-16T13:41:11.3672007Z Downloading pyparsing-3.2.3-py3-none-any.whl (111 kB)
2025-08-16T13:41:11.3776412Z Downloading tenacity-9.1.2-py3-none-any.whl (28 kB)
2025-08-16T13:41:11.3878541Z Downloading vnstock_ezchart-0.0.2-py3-none-any.whl (14 kB)
2025-08-16T13:41:11.4009505Z Downloading squarify-0.4.4-py3-none-any.whl (4.1 kB)
2025-08-16T13:41:11.4136646Z Downloading wordcloud-1.9.4-cp311-cp311-manylinux_2_17_x86_64.manylinux2014_x86_64.whl (547 kB)
2025-08-16T13:41:11.4198151Z    â”â”â”â”â”â”â”â”â”â”â”â”â”â”â”â”â”â”â”â”â”â”â”â”â”â”â”â”â”â”â”â”â”â”â”â”â”â”â”â” 547.9/547.9 kB 75.1 MB/s  0:00:00
2025-08-16T13:41:11.5175814Z Building wheels for collected packages: multitasking, peewee
2025-08-16T13:41:11.5184375Z   Building wheel for multitasking (pyproject.toml): started
2025-08-16T13:41:11.7112345Z   Building wheel for multitasking (pyproject.toml): finished with status 'done'
2025-08-16T13:41:11.7118496Z   Created wheel for multitasking: filename=multitasking-0.0.12-py3-none-any.whl size=15636 sha256=7e566d5621215e758d1ee8c5d3b68872e9c6f80c4b9aa079b550e6f1b36309cc
2025-08-16T13:41:11.7120433Z   Stored in directory: /home/runner/.cache/pip/wheels/42/d6/84/bf57a755f4569494cd00de4bb46ef064874823f4d19c82e960
2025-08-16T13:41:11.7150846Z   Building wheel for peewee (pyproject.toml): started
2025-08-16T13:41:23.3883425Z   Building wheel for peewee (pyproject.toml): finished with status 'done'
2025-08-16T13:41:23.3897416Z   Created wheel for peewee: filename=peewee-3.18.2-cp311-cp311-linux_x86_64.whl size=1064025 sha256=d12f7a9f1ba1fc50e69231462a488b2dfe2a2d3bea10d3239858622c0a76a17c
2025-08-16T13:41:23.3898920Z   Stored in directory: /home/runner/.cache/pip/wheels/28/84/61/758d1bd7b9c9d700158c8642a8aff2a9bf2e1ae69641c40784
2025-08-16T13:41:23.3918187Z Successfully built multitasking peewee
2025-08-16T13:41:23.4987723Z Installing collected packages: squarify, pytz, peewee, multitasking, zipp, websockets, urllib3, tzdata, typing-extensions, tenacity, soupsieve, six, pyparsing, pycparser, psutil, protobuf, platformdirs, pillow, packaging, numpy, kiwisolver, idna, frozendict, fonttools, fake_useragent, et-xmlfile, cycler, click, charset_normalizer, certifi, annotated-types, typing-inspection, requests, python-dateutil, pydantic-core, openpyxl, importlib-metadata, contourpy, cffi, beautifulsoup4, vnai, pydantic, pandas, matplotlib, curl_cffi, yfinance, wordcloud, seaborn, vnstock_ezchart, vnstock
2025-08-16T13:41:34.0987003Z 
2025-08-16T13:41:34.1016280Z Successfully installed annotated-types-0.7.0 beautifulsoup4-4.13.4 certifi-2025.8.3 cffi-1.17.1 charset_normalizer-3.4.3 click-8.2.1 contourpy-1.3.3 curl_cffi-0.13.0 cycler-0.12.1 et-xmlfile-2.0.0 fake_useragent-2.2.0 fonttools-4.59.1 frozendict-2.4.6 idna-3.10 importlib-metadata-8.7.0 kiwisolver-1.4.9 matplotlib-3.10.5 multitasking-0.0.12 numpy-2.3.2 openpyxl-3.1.5 packaging-25.0 pandas-2.3.1 peewee-3.18.2 pillow-11.3.0 platformdirs-4.3.8 protobuf-6.32.0 psutil-7.0.0 pycparser-2.22 pydantic-2.11.7 pydantic-core-2.33.2 pyparsing-3.2.3 python-dateutil-2.9.0.post0 pytz-2025.2 requests-2.32.4 seaborn-0.13.2 six-1.17.0 soupsieve-2.7 squarify-0.4.4 tenacity-9.1.2 typing-extensions-4.14.1 typing-inspection-0.4.1 tzdata-2025.2 urllib3-2.5.0 vnai-2.1.9 vnstock-3.2.6 vnstock_ezchart-0.0.2 websockets-15.0.1 wordcloud-1.9.4 yfinance-0.2.65 zipp-3.23.0
2025-08-16T13:41:34.5119033Z ##[group]Run python bot.py
2025-08-16T13:41:34.5119319Z [36;1mpython bot.py[0m
2025-08-16T13:41:34.5161948Z shell: /usr/bin/bash -e {0}
2025-08-16T13:41:34.5162183Z env:
2025-08-16T13:41:34.5162432Z   pythonLocation: /opt/hostedtoolcache/Python/3.11.13/x64
2025-08-16T13:41:34.5162832Z   PKG_CONFIG_PATH: /opt/hostedtoolcache/Python/3.11.13/x64/lib/pkgconfig
2025-08-16T13:41:34.5163233Z   Python_ROOT_DIR: /opt/hostedtoolcache/Python/3.11.13/x64
2025-08-16T13:41:34.5163575Z   Python2_ROOT_DIR: /opt/hostedtoolcache/Python/3.11.13/x64
2025-08-16T13:41:34.5163927Z   Python3_ROOT_DIR: /opt/hostedtoolcache/Python/3.11.13/x64
2025-08-16T13:41:34.5164270Z   LD_LIBRARY_PATH: /opt/hostedtoolcache/Python/3.11.13/x64/lib
2025-08-16T13:41:34.5164758Z   BOT_TOKEN: ***
2025-08-16T13:41:34.5164958Z   CHAT_ID: ***
2025-08-16T13:41:34.5165142Z ##[endgroup]
2025-08-16T13:41:38.2120906Z [DEBUG] vnstock index fetch failed: module 'vnstock' has no attribute 'stock_historical_data'
2025-08-16T13:41:38.2122092Z [DEBUG] Failed building line for MBB: module 'vnstock' has no attribute 'stock_historical_data'
2025-08-16T13:41:38.2122822Z [DEBUG] Failed building line for HPG: module 'vnstock' has no attribute 'stock_historical_data'
2025-08-16T13:41:38.2123530Z [DEBUG] Failed building line for SSI: module 'vnstock' has no attribute 'stock_historical_data'
2025-08-16T13:41:38.2124250Z [DEBUG] Failed building line for PVP: module 'vnstock' has no attribute 'stock_historical_data'
2025-08-16T13:41:38.2124950Z [DEBUG] Failed building line for KSB: module 'vnstock' has no attribute 'stock_historical_data'
2025-08-16T13:41:38.2125650Z [DEBUG] Failed building line for QTP: module 'vnstock' has no attribute 'stock_historical_data'
2025-08-16T13:41:38.2126170Z === Report preview ===
2025-08-16T13:41:38.2127132Z ğŸ“Š BÃ¡o cÃ¡o thá»‹ trÆ°á»ng â€” 2025-08-16 13:41:38
2025-08-16T13:41:38.2127569Z ğŸ“ˆ VN-Index: â€” (lá»—i dá»¯ liá»‡u)
2025-08-16T13:41:38.2127760Z 
2025-08-16T13:41:38.2127891Z ğŸ“Œ Chi tiáº¿t mÃ£:
2025-08-16T13:41:38.2128183Z MBB: â€” (lá»—i dá»¯ liá»‡u)
2025-08-16T13:41:38.2128456Z HPG: â€” (lá»—i dá»¯ liá»‡u)
2025-08-16T13:41:38.2128725Z SSI: â€” (lá»—i dá»¯ liá»‡u)
2025-08-16T13:41:38.2128993Z PVP: â€” (lá»—i dá»¯ liá»‡u)
2025-08-16T13:41:38.2129258Z KSB: â€” (lá»—i dá»¯ liá»‡u)
2025-08-16T13:41:38.2129525Z QTP: â€” (lá»—i dá»¯ liá»‡u)
2025-08-16T13:41:38.2129657Z 
2025-08-16T13:41:38.2129760Z âš ï¸ Alerts:
2025-08-16T13:41:38.2129872Z 
2025-08-16T13:41:38.2130058Z (Thá»i gian bÃ¡o cÃ¡o: 2025-08-16 13:41:38) - Bot_vnstock
2025-08-16T13:41:38.2130628Z [DEBUG] Preparing to send to Telegram. CHAT_ID=***, TOKEN=***JaLanQ
2025-08-16T13:41:38.2130978Z [DEBUG] Sending chunk 1/1 (len=280) ...
2025-08-16T13:41:38.9013441Z [DEBUG] Telegram response: 200 {"ok":true,"result":{"message_id":14,"from":{"id":8105560161,"is_bot":true,"first_name":"VNStockUpdateBot","username":"VNStockUpdateBot"},"chat":{"id":***,"first_name":"T\u00edn","last_name":"Nguy\u1ec5n","type":"private"},"date":1755351698,"text":"\ud83d\udcca B\u00e1o c\u00e1o th\u1ecb tr\u01b0\u1eddng \u2014 2025-08-16 13:41:38\n\ud83d\udcc8 VN-Index: \u2014 (l\u1ed7i d\u1eef li\u1ec7u)\n\n\ud83d\udccc Chi ti\u1ebft m\u00e3:\nMBB: \u2014 (l\u1ed7i d\u1eef li\u1ec7u)\nHPG: \u2014 (l\u1e
2025-08-16T13:41:38.9015620Z [DEBUG] Report sent to Telegram (or attempted).
2025-08-16T13:41:39.0304762Z Post job cleanup.
2025-08-16T13:41:39.1908401Z Post job cleanup.
2025-08-16T13:41:39.2832948Z [command]/usr/bin/git version
2025-08-16T13:41:39.2868437Z git version 2.50.1
2025-08-16T13:41:39.2911625Z Temporarily overriding HOME='/home/runner/work/_temp/9ab44a75-ded7-4bf0-ab67-25b63f926b05' before making global git config changes
2025-08-16T13:41:39.2912930Z Adding repository directory to the temporary git global config as a safe directory
2025-08-16T13:41:39.2924703Z [command]/usr/bin/git config --global --add safe.directory /home/runner/work/Telegram_bot_update1/Telegram_bot_update1
2025-08-16T13:41:39.2958760Z [command]/usr/bin/git config --local --name-only --get-regexp core\.sshCommand
2025-08-16T13:41:39.2990508Z [command]/usr/bin/git submodule foreach --recursive sh -c "git config --local --name-only --get-regexp 'core\.sshCommand' && git config --local --unset-all 'core.sshCommand' || :"
2025-08-16T13:41:39.3215352Z [command]/usr/bin/git config --local --name-only --get-regexp http\.https\:\/\/github\.com\/\.extraheader
2025-08-16T13:41:39.3236438Z http.https://github.com/.extraheader
2025-08-16T13:41:39.3249314Z [command]/usr/bin/git config --local --unset-all http.https://github.com/.extraheader
2025-08-16T13:41:39.3282592Z [command]/usr/bin/git submodule foreach --recursive sh -c "git config --local --name-only --get-regexp 'http\.https\:\/\/github\.com\/\.extraheader' && git config --local --unset-all 'http.https://github.com/.extraheader' || :"
2025-08-16T13:41:39.3632801Z Cleaning up orphan processes